Archive member included to satisfy reference by file (symbol)

/usr/lib/gcc/arm-none-eabi/13.2.0/../../../../arm-none-eabi/lib/thumb/v7e-m/nofp/libc.a(libc_a-atexit.o)
                              /usr/lib/gcc/arm-none-eabi/13.2.0/../../../../arm-none-eabi/lib/thumb/v7e-m/nofp/rdimon-crt0.o (atexit)
/usr/lib/gcc/arm-none-eabi/13.2.0/../../../../arm-none-eabi/lib/thumb/v7e-m/nofp/libc.a(libc_a-exit.o)
                              /usr/lib/gcc/arm-none-eabi/13.2.0/../../../../arm-none-eabi/lib/thumb/v7e-m/nofp/rdimon-crt0.o (exit)
/usr/lib/gcc/arm-none-eabi/13.2.0/../../../../arm-none-eabi/lib/thumb/v7e-m/nofp/libc.a(libc_a-findfp.o)
                              /usr/lib/gcc/arm-none-eabi/13.2.0/../../../../arm-none-eabi/lib/thumb/v7e-m/nofp/libc.a(libc_a-exit.o) (__stdio_exit_handler)
/usr/lib/gcc/arm-none-eabi/13.2.0/../../../../arm-none-eabi/lib/thumb/v7e-m/nofp/libc.a(libc_a-fwalk.o)
                              /usr/lib/gcc/arm-none-eabi/13.2.0/../../../../arm-none-eabi/lib/thumb/v7e-m/nofp/libc.a(libc_a-findfp.o) (_fwalk_sglue)
/usr/lib/gcc/arm-none-eabi/13.2.0/../../../../arm-none-eabi/lib/thumb/v7e-m/nofp/libc.a(libc_a-puts.o)
                              main.o (puts)
/usr/lib/gcc/arm-none-eabi/13.2.0/../../../../arm-none-eabi/lib/thumb/v7e-m/nofp/libc.a(libc_a-stdio.o)
                              /usr/lib/gcc/arm-none-eabi/13.2.0/../../../../arm-none-eabi/lib/thumb/v7e-m/nofp/libc.a(libc_a-findfp.o) (__sread)
/usr/lib/gcc/arm-none-eabi/13.2.0/../../../../arm-none-eabi/lib/thumb/v7e-m/nofp/libc.a(libc_a-memset.o)
                              /usr/lib/gcc/arm-none-eabi/13.2.0/../../../../arm-none-eabi/lib/thumb/v7e-m/nofp/rdimon-crt0.o (memset)
/usr/lib/gcc/arm-none-eabi/13.2.0/../../../../arm-none-eabi/lib/thumb/v7e-m/nofp/libc.a(libc_a-closer.o)
                              /usr/lib/gcc/arm-none-eabi/13.2.0/../../../../arm-none-eabi/lib/thumb/v7e-m/nofp/libc.a(libc_a-stdio.o) (_close_r)
/usr/lib/gcc/arm-none-eabi/13.2.0/../../../../arm-none-eabi/lib/thumb/v7e-m/nofp/libc.a(libc_a-reent.o)
                              /usr/lib/gcc/arm-none-eabi/13.2.0/../../../../arm-none-eabi/lib/thumb/v7e-m/nofp/libc.a(libc_a-closer.o) (errno)
/usr/lib/gcc/arm-none-eabi/13.2.0/../../../../arm-none-eabi/lib/thumb/v7e-m/nofp/libc.a(libc_a-impure.o)
                              /usr/lib/gcc/arm-none-eabi/13.2.0/../../../../arm-none-eabi/lib/thumb/v7e-m/nofp/libc.a(libc_a-puts.o) (_impure_ptr)
/usr/lib/gcc/arm-none-eabi/13.2.0/../../../../arm-none-eabi/lib/thumb/v7e-m/nofp/libc.a(libc_a-lseekr.o)
                              /usr/lib/gcc/arm-none-eabi/13.2.0/../../../../arm-none-eabi/lib/thumb/v7e-m/nofp/libc.a(libc_a-stdio.o) (_lseek_r)
/usr/lib/gcc/arm-none-eabi/13.2.0/../../../../arm-none-eabi/lib/thumb/v7e-m/nofp/libc.a(libc_a-readr.o)
                              /usr/lib/gcc/arm-none-eabi/13.2.0/../../../../arm-none-eabi/lib/thumb/v7e-m/nofp/libc.a(libc_a-stdio.o) (_read_r)
/usr/lib/gcc/arm-none-eabi/13.2.0/../../../../arm-none-eabi/lib/thumb/v7e-m/nofp/libc.a(libc_a-writer.o)
                              /usr/lib/gcc/arm-none-eabi/13.2.0/../../../../arm-none-eabi/lib/thumb/v7e-m/nofp/libc.a(libc_a-stdio.o) (_write_r)
/usr/lib/gcc/arm-none-eabi/13.2.0/../../../../arm-none-eabi/lib/thumb/v7e-m/nofp/libc.a(libc_a-init.o)
                              /usr/lib/gcc/arm-none-eabi/13.2.0/../../../../arm-none-eabi/lib/thumb/v7e-m/nofp/rdimon-crt0.o (__libc_init_array)
/usr/lib/gcc/arm-none-eabi/13.2.0/../../../../arm-none-eabi/lib/thumb/v7e-m/nofp/libc.a(libc_a-fini.o)
                              /usr/lib/gcc/arm-none-eabi/13.2.0/../../../../arm-none-eabi/lib/thumb/v7e-m/nofp/rdimon-crt0.o (__libc_fini_array)
/usr/lib/gcc/arm-none-eabi/13.2.0/../../../../arm-none-eabi/lib/thumb/v7e-m/nofp/libc.a(libc_a-lock.o)
                              /usr/lib/gcc/arm-none-eabi/13.2.0/../../../../arm-none-eabi/lib/thumb/v7e-m/nofp/libc.a(libc_a-findfp.o) (__retarget_lock_init_recursive)
/usr/lib/gcc/arm-none-eabi/13.2.0/../../../../arm-none-eabi/lib/thumb/v7e-m/nofp/libc.a(libc_a-strlen.o)
                              /usr/lib/gcc/arm-none-eabi/13.2.0/../../../../arm-none-eabi/lib/thumb/v7e-m/nofp/libc.a(libc_a-puts.o) (strlen)
/usr/lib/gcc/arm-none-eabi/13.2.0/../../../../arm-none-eabi/lib/thumb/v7e-m/nofp/libc.a(libc_a-__atexit.o)
                              /usr/lib/gcc/arm-none-eabi/13.2.0/../../../../arm-none-eabi/lib/thumb/v7e-m/nofp/libc.a(libc_a-atexit.o) (__register_exitproc)
/usr/lib/gcc/arm-none-eabi/13.2.0/../../../../arm-none-eabi/lib/thumb/v7e-m/nofp/libc.a(libc_a-__call_atexit.o)
                              /usr/lib/gcc/arm-none-eabi/13.2.0/../../../../arm-none-eabi/lib/thumb/v7e-m/nofp/libc.a(libc_a-exit.o) (__call_exitprocs)
/usr/lib/gcc/arm-none-eabi/13.2.0/../../../../arm-none-eabi/lib/thumb/v7e-m/nofp/libc.a(libc_a-freer.o)
                              /usr/lib/gcc/arm-none-eabi/13.2.0/../../../../arm-none-eabi/lib/thumb/v7e-m/nofp/libc.a(libc_a-reent.o) (_free_r)
[...]
Memory Configuration

Name             Origin             Length             Attributes
FLASH            0x08000000         0x00200000         xr
SRAM             0x20000000         0x00030000         xrw
*default*        0x00000000         0xffffffff

Linker script and memory map

LOAD /usr/lib/gcc/arm-none-eabi/13.2.0/thumb/v7e-m/nofp/crti.o
LOAD /usr/lib/gcc/arm-none-eabi/13.2.0/thumb/v7e-m/nofp/crtbegin.o
LOAD /usr/lib/gcc/arm-none-eabi/13.2.0/../../../../arm-none-eabi/lib/thumb/v7e-m/nofp/rdimon-crt0.o
LOAD main.o
LOAD led.o
LOAD stm32_startup.o
START GROUP
LOAD /usr/lib/gcc/arm-none-eabi/13.2.0/thumb/v7e-m/nofp/libgcc.a
LOAD /usr/lib/gcc/arm-none-eabi/13.2.0/../../../../arm-none-eabi/lib/thumb/v7e-m/nofp/libc.a
END GROUP
START GROUP
LOAD /usr/lib/gcc/arm-none-eabi/13.2.0/thumb/v7e-m/nofp/libgcc.a
LOAD /usr/lib/gcc/arm-none-eabi/13.2.0/../../../../arm-none-eabi/lib/thumb/v7e-m/nofp/libc.a
LOAD /usr/lib/gcc/arm-none-eabi/13.2.0/../../../../arm-none-eabi/lib/thumb/v7e-m/nofp/librdimon.a
END GROUP
LOAD /usr/lib/gcc/arm-none-eabi/13.2.0/thumb/v7e-m/nofp/crtend.o
LOAD /usr/lib/gcc/arm-none-eabi/13.2.0/thumb/v7e-m/nofp/crtn.o

.text           0x08000000     0x3534
 *(.isr_vector)
 .isr_vector    0x08000000      0x1ac stm32_startup.o
                0x08000000                vectors
 *(.text)
 .text          0x080001ac        0x0 /usr/lib/gcc/arm-none-eabi/13.2.0/thumb/v7e-m/nofp/crti.o
 .text          0x080001ac       0x88 /usr/lib/gcc/arm-none-eabi/13.2.0/thumb/v7e-m/nofp/crtbegin.o
 .text          0x08000234       0xf0 /usr/lib/gcc/arm-none-eabi/13.2.0/../../../../arm-none-eabi/lib/thumb/v7e-m/nofp/rdimon-crt0.o
                0x08000234                _stack_init
                0x08000240                _mainCRTStartup
                0x08000240                _start
 .text          0x08000324      0x53c main.o
                0x08000324                main
                0x08000360                idle_task
                0x08000368                task1_handler
                0x08000398                task2_handler
                0x080003c8                task3_handler
                0x080003f4                task4_handler
                0x08000420                init_systick_timer
                0x08000488                init_scheduler_stack
                0x08000492                init_tasks_stack
                0x080005ac                enable_processor_faults
                0x080005e8                get_psp_value
                0x08000608                save_psp_value
                0x08000630                update_next_task
                0x080006b8                switch_sp_to_psp
                0x080006d2                schedule
                0x080006f8                task_delay
                0x08000758                PendSV_Handler
                0x0800077e                update_global_tick_count
                0x08000798                unblock_tasks
                0x080007f8                SysTick_Handler
                0x08000824                HardFault_Handler
                0x08000838                MemManage_Handler
                0x0800084c                BusFault_Handler
 .text          0x08000860       0xe8 led.o
                0x08000860                delay
                0x08000888                led_init_all
                0x080008e8                led_on
                0x08000918                led_off
 .text          0x08000948       0x90 stm32_startup.o
                0x08000948                RTC_Alarm_IRQHandler
                0x08000948                HASH_RNG_IRQHandler
                0x08000948                EXTI2_IRQHandler
                0x08000948                TIM8_CC_IRQHandler
                0x08000948                DebugMon_Handler
                0x08000948                UART8_IRQHandler
                0x08000948                SPI4_IRQHandler
                0x08000948                TIM1_CC_IRQHandler
                0x08000948                DMA2_Stream5_IRQHandler
                0x08000948                DMA1_Stream5_IRQHandler
                0x08000948                PVD_IRQHandler
                0x08000948                SDIO_IRQHandler
                0x08000948                TAMP_STAMP_IRQHandler
                0x08000948                NMI_Handler
                0x08000948                CAN2_RX1_IRQHandler
                0x08000948                EXTI3_IRQHandler
                0x08000948                TIM8_TRG_COM_TIM14_IRQHandler
                0x08000948                TIM1_UP_TIM10_IRQHandler
                0x08000948                TIM8_UP_TIM13_IRQHandler
                0x08000948                I2C3_ER_IRQHandler
                0x08000948                LCD_TFT_IRQHandler
                0x08000948                EXTI0_IRQHandler
                0x08000948                I2C2_EV_IRQHandler
                0x08000948                DMA1_Stream2_IRQHandler
                0x08000948                CAN1_RX0_IRQHandler
                0x08000948                FPU_IRQHandler
                0x08000948                OTG_HS_WKUP_IRQHandler
                0x08000948                UsageFault_Handler
                0x08000948                CAN2_SCE_IRQHandler
                0x08000948                DMA2_Stream2_IRQHandler
                0x08000948                SPI1_IRQHandler
                0x08000948                TIM6_DAC_IRQHandler
                0x08000948                TIM1_BRK_TIM9_IRQHandler
                0x08000948                DCMI_IRQHandler
                0x08000948                CAN2_RX0_IRQHandler
                0x08000948                DMA2_Stream3_IRQHandler
                0x08000948                USART6_IRQHandler
                0x08000948                USART3_IRQHandler
                0x08000948                CRYP_IRQHandler
                0x08000948                CAN1_RX1_IRQHandler
                0x08000948                UART5_IRQHandler
                0x08000948                DMA2_Stream0_IRQHandler
                0x08000948                TIM4_IRQHandler
                0x08000948                I2C1_EV_IRQHandler
                0x08000948                DMA1_Stream6_IRQHandler
                0x08000948                DMA1_Stream1_IRQHandler
                0x08000948                UART4_IRQHandler
                0x08000948                TIM3_IRQHandler
                0x08000948                RCC_IRQHandler
                0x08000948                TIM8_BRK_TIM12_IRQHandler
                0x08000948                Default_Handler
                0x08000948                EXTI15_10_IRQHandler
                0x08000948                ADC_IRQHandler
                0x08000948                DMA1_Stream7_IRQHandler
                0x08000948                SPI5_IRQHandler
                0x08000948                TIM7_IRQHandler
                0x08000948                CAN2_TX_IRQHandler
                0x08000948                TIM5_IRQHandler
                0x08000948                DMA2_Stream7_IRQHandler
                0x08000948                I2C3_EV_IRQHandler
                0x08000948                EXTI9_5_IRQHandler
                0x08000948                RTC_WKUP_IRQHandler
                0x08000948                ETH_WKUP_IRQHandler
                0x08000948                SPI2_IRQHandler
                0x08000948                LCD_TFT_Err_IRQHandler
                0x08000948                OTG_HS_EP1_IN_IRQHandler
                0x08000948                DMA1_Stream0_IRQHandler
                0x08000948                CAN1_TX_IRQHandler
                0x08000948                SVC_Handler
                0x08000948                EXTI4_IRQHandler
                0x08000948                FSMC_IRQHandler
                0x08000948                ETH_IRQHandler
                0x08000948                OTG_HS_EP1_OUT_IRQHandler
                0x08000948                WWDG_IRQHandler
                0x08000948                SPI6_IRQHandler
                0x08000948                TIM2_IRQHandler
                0x08000948                OTG_FS_WKUP_IRQHandler
                0x08000948                TIM1_TRG_COM_TIM11_IRQHandler
                0x08000948                OTG_HS_IRQHandler
                0x08000948                DMA2D_IRQHandler
                0x08000948                EXTI1_IRQHandler
                0x08000948                UART7_IRQHandler
                0x08000948                USART2_IRQHandler
                0x08000948                I2C2_ER_IRQHandler
                0x08000948                DMA2_Stream1_IRQHandler
                0x08000948                CAN1_SCE_IRQHandler
                0x08000948                DMA2_Stream4_IRQHandler
                0x08000948                USART1_IRQHandler
                0x08000948                OTG_FS_IRQHandler
                0x08000948                SPI3_IRQHandler
                0x08000948                DMA1_Stream4_IRQHandler
                0x08000948                I2C1_ER_IRQHandler
                0x08000948                DMA2_Stream6_IRQHandler
                0x08000948                SAI1_IRQHandler
                0x08000948                DMA1_Stream3_IRQHandler
                0x08000950                Reset_Handler
 .text          0x080009d8        0x0 /usr/lib/gcc/arm-none-eabi/13.2.0/../../../../arm-none-eabi/lib/thumb/v7e-m/nofp/libc.a(libc_a-atexit.o)
 .text          0x080009d8        0x0 /usr/lib/gcc/arm-none-eabi/13.2.0/../../../../arm-none-eabi/lib/thumb/v7e-m/nofp/libc.a(libc_a-exit.o)
 .text          0x080009d8        0x0 /usr/lib/gcc/arm-none-eabi/13.2.0/../../../../arm-none-eabi/lib/thumb/v7e-m/nofp/libc.a(libc_a-findfp.o)
 .text          0x080009d8        0x0 /usr/lib/gcc/arm-none-eabi/13.2.0/../../../../arm-none-eabi/lib/thumb/v7e-m/nofp/libc.a(libc_a-fwalk.o)
 .text          0x080009d8        0x0 /usr/lib/gcc/arm-none-eabi/13.2.0/../../../../arm-none-eabi/lib/thumb/v7e-m/nofp/libc.a(libc_a-puts.o)
 .text          0x080009d8        0x0 /usr/lib/gcc/arm-none-eabi/13.2.0/../../../../arm-none-eabi/lib/thumb/v7e-m/nofp/libc.a(libc_a-stdio.o)
 .text          0x080009d8        0x0 /usr/lib/gcc/arm-none-eabi/13.2.0/../../../../arm-none-eabi/lib/thumb/v7e-m/nofp/libc.a(libc_a-memset.o)
 .text          0x080009d8        0x0 /usr/lib/gcc/arm-none-eabi/13.2.0/../../../../arm-none-eabi/lib/thumb/v7e-m/nofp/libc.a(libc_a-closer.o)
 .text          0x080009d8        0x0 /usr/lib/gcc/arm-none-eabi/13.2.0/../../../../arm-none-eabi/lib/thumb/v7e-m/nofp/libc.a(libc_a-reent.o)
 .text          0x080009d8        0x0 /usr/lib/gcc/arm-none-eabi/13.2.0/../../../../arm-none-eabi/lib/thumb/v7e-m/nofp/libc.a(libc_a-impure.o)
 .text          0x080009d8        0x0 /usr/lib/gcc/arm-none-eabi/13.2.0/../../../../arm-none-eabi/lib/thumb/v7e-m/nofp/libc.a(libc_a-lseekr.o)
 .text          0x080009d8        0x0 /usr/lib/gcc/arm-none-eabi/13.2.0/../../../../arm-none-eabi/lib/thumb/v7e-m/nofp/libc.a(libc_a-readr.o)
 .text          0x080009d8        0x0 /usr/lib/gcc/arm-none-eabi/13.2.0/../../../../arm-none-eabi/lib/thumb/v7e-m/nofp/libc.a(libc_a-writer.o)
 .text          0x080009d8        0x0 /usr/lib/gcc/arm-none-eabi/13.2.0/../../../../arm-none-eabi/lib/thumb/v7e-m/nofp/libc.a(libc_a-init.o)
 .text          0x080009d8        0x0 /usr/lib/gcc/arm-none-eabi/13.2.0/../../../../arm-none-eabi/lib/thumb/v7e-m/nofp/libc.a(libc_a-fini.o)
 .text          0x080009d8        0x0 /usr/lib/gcc/arm-none-eabi/13.2.0/../../../../arm-none-eabi/lib/thumb/v7e-m/nofp/libc.a(libc_a-lock.o)
 *fill*         0x080009d8       0x28 
 .text          0x08000a00       0xd8 /usr/lib/gcc/arm-none-eabi/13.2.0/../../../../arm-none-eabi/lib/thumb/v7e-m/nofp/libc.a(libc_a-strlen.o)
                0x08000a00                strlen
 .text          0x08000ad8        0x0 /usr/lib/gcc/arm-none-eabi/13.2.0/../../../../arm-none-eabi/lib/thumb/v7e-m/nofp/libc.a(libc_a-__atexit.o)
 .text          0x08000ad8        0x0 /usr/lib/gcc/arm-none-eabi/13.2.0/../../../../arm-none-eabi/lib/thumb/v7e-m/nofp/libc.a(libc_a-__call_atexit.o)
 .text          0x08000ad8        0x0 /usr/lib/gcc/arm-none-eabi/13.2.0/../../../../arm-none-eabi/lib/thumb/v7e-m/nofp/libc.a(libc_a-freer.o)
 .text          0x08000ad8        0x0 /usr/lib/gcc/arm-none-eabi/13.2.0/../../../../arm-none-eabi/lib/thumb/v7e-m/nofp/libc.a(libc_a-mallocr.o)
 .text          0x08000ad8        0x0 /usr/lib/gcc/arm-none-eabi/13.2.0/../../../../arm-none-eabi/lib/thumb/v7e-m/nofp/libc.a(libc_a-mlock.o)
 .text          0x08000ad8        0x0 /usr/lib/gcc/arm-none-eabi/13.2.0/../../../../arm-none-eabi/lib/thumb/v7e-m/nofp/libc.a(libc_a-fclose.o)
 .text          0x08000ad8        0x0 /usr/lib/gcc/arm-none-eabi/13.2.0/../../../../arm-none-eabi/lib/thumb/v7e-m/nofp/libc.a(libc_a-fflush.o)
 .text          0x08000ad8        0x0 /usr/lib/gcc/arm-none-eabi/13.2.0/../../../../arm-none-eabi/lib/thumb/v7e-m/nofp/libc.a(libc_a-fvwrite.o)
 .text          0x08000ad8        0x0 /usr/lib/gcc/arm-none-eabi/13.2.0/../../../../arm-none-eabi/lib/thumb/v7e-m/nofp/libc.a(libc_a-wsetup.o)
 .text          0x08000ad8        0x0 /usr/lib/gcc/arm-none-eabi/13.2.0/../../../../arm-none-eabi/lib/thumb/v7e-m/nofp/libc.a(libc_a-memmove.o)
 .text          0x08000ad8        0x0 /usr/lib/gcc/arm-none-eabi/13.2.0/../../../../arm-none-eabi/lib/thumb/v7e-m/nofp/libc.a(libc_a-sbrkr.o)
 .text          0x08000ad8        0x0 /usr/lib/gcc/arm-none-eabi/13.2.0/../../../../arm-none-eabi/lib/thumb/v7e-m/nofp/libc.a(libc_a-sysconf.o)
 *fill*         0x08000ad8        0x8 
 .text          0x08000ae0       0xa0 /usr/lib/gcc/arm-none-eabi/13.2.0/../../../../arm-none-eabi/lib/thumb/v7e-m/nofp/libc.a(libc_a-memchr.o)
                0x08000ae0                memchr
 .text          0x08000b80      0x134 /usr/lib/gcc/arm-none-eabi/13.2.0/../../../../arm-none-eabi/lib/thumb/v7e-m/nofp/libc.a(libc_a-memcpy.o)
                0x08000b80                memcpy
 .text          0x08000cb4        0x0 /usr/lib/gcc/arm-none-eabi/13.2.0/../../../../arm-none-eabi/lib/thumb/v7e-m/nofp/libc.a(libc_a-reallocr.o)
 .text          0x08000cb4        0x0 /usr/lib/gcc/arm-none-eabi/13.2.0/../../../../arm-none-eabi/lib/thumb/v7e-m/nofp/libc.a(libc_a-makebuf.o)
 .text          0x08000cb4        0x0 /usr/lib/gcc/arm-none-eabi/13.2.0/../../../../arm-none-eabi/lib/thumb/v7e-m/nofp/libc.a(libc_a-fstatr.o)
 .text          0x08000cb4        0x0 /usr/lib/gcc/arm-none-eabi/13.2.0/../../../../arm-none-eabi/lib/thumb/v7e-m/nofp/libc.a(libc_a-isattyr.o)
 .text          0x08000cb4        0x0 /usr/lib/gcc/arm-none-eabi/13.2.0/../../../../arm-none-eabi/lib/thumb/v7e-m/nofp/libc.a(libc_a-errno.o)
 .text          0x08000cb4        0x0 /usr/lib/gcc/arm-none-eabi/13.2.0/../../../../arm-none-eabi/lib/thumb/v7e-m/nofp/librdimon.a(arm_librdimon_a-_exit.o)
 .text          0x08000cb4        0x0 /usr/lib/gcc/arm-none-eabi/13.2.0/../../../../arm-none-eabi/lib/thumb/v7e-m/nofp/librdimon.a(arm_librdimon_a-_kill.o)
 .text          0x08000cb4        0x0 /usr/lib/gcc/arm-none-eabi/13.2.0/../../../../arm-none-eabi/lib/thumb/v7e-m/nofp/librdimon.a(arm_librdimon_a-syscalls.o)
 .text          0x08000cb4        0x0 /usr/lib/gcc/arm-none-eabi/13.2.0/thumb/v7e-m/nofp/crtend.o
 .text          0x08000cb4        0x0 /usr/lib/gcc/arm-none-eabi/13.2.0/thumb/v7e-m/nofp/crtn.o
 *(.text.*)
 .text.atexit   0x08000cb4        0xc /usr/lib/gcc/arm-none-eabi/13.2.0/../../../../arm-none-eabi/lib/thumb/v7e-m/nofp/libc.a(libc_a-atexit.o)
                0x08000cb4                atexit
 .text.exit     0x08000cc0       0x1c /usr/lib/gcc/arm-none-eabi/13.2.0/../../../../arm-none-eabi/lib/thumb/v7e-m/nofp/libc.a(libc_a-exit.o)
                0x08000cc0                exit
 .text.stdio_exit_handler
                0x08000cdc       0x18 /usr/lib/gcc/arm-none-eabi/13.2.0/../../../../arm-none-eabi/lib/thumb/v7e-m/nofp/libc.a(libc_a-findfp.o)
 .text.cleanup_stdio
                0x08000cf4       0x40 /usr/lib/gcc/arm-none-eabi/13.2.0/../../../../arm-none-eabi/lib/thumb/v7e-m/nofp/libc.a(libc_a-findfp.o)
 .text.__fp_lock
                0x08000d34       0x1c /usr/lib/gcc/arm-none-eabi/13.2.0/../../../../arm-none-eabi/lib/thumb/v7e-m/nofp/libc.a(libc_a-findfp.o)
 .text.__fp_unlock
                0x08000d50       0x1c /usr/lib/gcc/arm-none-eabi/13.2.0/../../../../arm-none-eabi/lib/thumb/v7e-m/nofp/libc.a(libc_a-findfp.o)
 .text.global_stdio_init.part.0
                0x08000d6c       0xf0 /usr/lib/gcc/arm-none-eabi/13.2.0/../../../../arm-none-eabi/lib/thumb/v7e-m/nofp/libc.a(libc_a-findfp.o)
 .text.__sfp    0x08000e5c       0xc0 /usr/lib/gcc/arm-none-eabi/13.2.0/../../../../arm-none-eabi/lib/thumb/v7e-m/nofp/libc.a(libc_a-findfp.o)
                0x08000e5c                __sfp
 .text.__sinit  0x08000f1c       0x3c /usr/lib/gcc/arm-none-eabi/13.2.0/../../../../arm-none-eabi/lib/thumb/v7e-m/nofp/libc.a(libc_a-findfp.o)
                0x08000f1c                __sinit
 .text.__sfp_lock_acquire
                0x08000f58        0xc /usr/lib/gcc/arm-none-eabi/13.2.0/../../../../arm-none-eabi/lib/thumb/v7e-m/nofp/libc.a(libc_a-findfp.o)
                0x08000f58                __sfp_lock_acquire
 .text.__sfp_lock_release
                0x08000f64        0xc /usr/lib/gcc/arm-none-eabi/13.2.0/../../../../arm-none-eabi/lib/thumb/v7e-m/nofp/libc.a(libc_a-findfp.o)
                0x08000f64                __sfp_lock_release
 .text.__fp_lock_all
                0x08000f70       0x24 /usr/lib/gcc/arm-none-eabi/13.2.0/../../../../arm-none-eabi/lib/thumb/v7e-m/nofp/libc.a(libc_a-findfp.o)
                0x08000f70                __fp_lock_all
 .text.__fp_unlock_all
                0x08000f94       0x24 /usr/lib/gcc/arm-none-eabi/13.2.0/../../../../arm-none-eabi/lib/thumb/v7e-m/nofp/libc.a(libc_a-findfp.o)
                0x08000f94                __fp_unlock_all
 .text._fwalk_sglue
                0x08000fb8       0x44 /usr/lib/gcc/arm-none-eabi/13.2.0/../../../../arm-none-eabi/lib/thumb/v7e-m/nofp/libc.a(libc_a-fwalk.o)
                0x08000fb8                _fwalk_sglue
 .text._puts_r  0x08000ffc       0x9c /usr/lib/gcc/arm-none-eabi/13.2.0/../../../../arm-none-eabi/lib/thumb/v7e-m/nofp/libc.a(libc_a-puts.o)
                0x08000ffc                _puts_r
 .text.puts     0x08001098       0x10 /usr/lib/gcc/arm-none-eabi/13.2.0/../../../../arm-none-eabi/lib/thumb/v7e-m/nofp/libc.a(libc_a-puts.o)
                0x08001098                puts
 .text.__sread  0x080010a8       0x24 /usr/lib/gcc/arm-none-eabi/13.2.0/../../../../arm-none-eabi/lib/thumb/v7e-m/nofp/libc.a(libc_a-stdio.o)
                0x080010a8                __sread
 .text.__seofread
                0x080010cc        0x4 /usr/lib/gcc/arm-none-eabi/13.2.0/../../../../arm-none-eabi/lib/thumb/v7e-m/nofp/libc.a(libc_a-stdio.o)
                0x080010cc                __seofread
 .text.__swrite
                0x080010d0       0x40 /usr/lib/gcc/arm-none-eabi/13.2.0/../../../../arm-none-eabi/lib/thumb/v7e-m/nofp/libc.a(libc_a-stdio.o)
                0x080010d0                __swrite
 .text.__sseek  0x08001110       0x24 /usr/lib/gcc/arm-none-eabi/13.2.0/../../../../arm-none-eabi/lib/thumb/v7e-m/nofp/libc.a(libc_a-stdio.o)
                0x08001110                __sseek
 .text.__sclose
                0x08001134        0x8 /usr/lib/gcc/arm-none-eabi/13.2.0/../../../../arm-none-eabi/lib/thumb/v7e-m/nofp/libc.a(libc_a-stdio.o)
                0x08001134                __sclose
 .text.memset   0x0800113c       0xa4 /usr/lib/gcc/arm-none-eabi/13.2.0/../../../../arm-none-eabi/lib/thumb/v7e-m/nofp/libc.a(libc_a-memset.o)
                0x0800113c                memset
 .text._close_r
                0x080011e0       0x24 /usr/lib/gcc/arm-none-eabi/13.2.0/../../../../arm-none-eabi/lib/thumb/v7e-m/nofp/libc.a(libc_a-closer.o)
                0x080011e0                _close_r
 .text._reclaim_reent
                0x08001204       0x6c /usr/lib/gcc/arm-none-eabi/13.2.0/../../../../arm-none-eabi/lib/thumb/v7e-m/nofp/libc.a(libc_a-reent.o)
                0x08001204                _reclaim_reent
 .text._lseek_r
                0x08001270       0x2c /usr/lib/gcc/arm-none-eabi/13.2.0/../../../../arm-none-eabi/lib/thumb/v7e-m/nofp/libc.a(libc_a-lseekr.o)
                0x08001270                _lseek_r
 .text._read_r  0x0800129c       0x2c /usr/lib/gcc/arm-none-eabi/13.2.0/../../../../arm-none-eabi/lib/thumb/v7e-m/nofp/libc.a(libc_a-readr.o)
                0x0800129c                _read_r
 .text._write_r
                0x080012c8       0x2c /usr/lib/gcc/arm-none-eabi/13.2.0/../../../../arm-none-eabi/lib/thumb/v7e-m/nofp/libc.a(libc_a-writer.o)
                0x080012c8                _write_r
 .text.__libc_init_array
                0x080012f4       0x50 /usr/lib/gcc/arm-none-eabi/13.2.0/../../../../arm-none-eabi/lib/thumb/v7e-m/nofp/libc.a(libc_a-init.o)
                0x080012f4                __libc_init_array
 .text.__libc_fini_array
                0x08001344       0x28 /usr/lib/gcc/arm-none-eabi/13.2.0/../../../../arm-none-eabi/lib/thumb/v7e-m/nofp/libc.a(libc_a-fini.o)
                0x08001344                __libc_fini_array
 .text.__retarget_lock_init
                0x0800136c        0x4 /usr/lib/gcc/arm-none-eabi/13.2.0/../../../../arm-none-eabi/lib/thumb/v7e-m/nofp/libc.a(libc_a-lock.o)
                0x0800136c                __retarget_lock_init
 .text.__retarget_lock_init_recursive
                0x08001370        0x4 /usr/lib/gcc/arm-none-eabi/13.2.0/../../../../arm-none-eabi/lib/thumb/v7e-m/nofp/libc.a(libc_a-lock.o)
                0x08001370                __retarget_lock_init_recursive
 .text.__retarget_lock_close
                0x08001374        0x4 /usr/lib/gcc/arm-none-eabi/13.2.0/../../../../arm-none-eabi/lib/thumb/v7e-m/nofp/libc.a(libc_a-lock.o)
                0x08001374                __retarget_lock_close
 .text.__retarget_lock_close_recursive
                0x08001378        0x4 /usr/lib/gcc/arm-none-eabi/13.2.0/../../../../arm-none-eabi/lib/thumb/v7e-m/nofp/libc.a(libc_a-lock.o)
                0x08001378                __retarget_lock_close_recursive
 .text.__retarget_lock_acquire
                0x0800137c        0x4 /usr/lib/gcc/arm-none-eabi/13.2.0/../../../../arm-none-eabi/lib/thumb/v7e-m/nofp/libc.a(libc_a-lock.o)
                0x0800137c                __retarget_lock_acquire
 .text.__retarget_lock_acquire_recursive
                0x08001380        0x4 /usr/lib/gcc/arm-none-eabi/13.2.0/../../../../arm-none-eabi/lib/thumb/v7e-m/nofp/libc.a(libc_a-lock.o)
                0x08001380                __retarget_lock_acquire_recursive
 .text.__retarget_lock_try_acquire
                0x08001384        0x4 /usr/lib/gcc/arm-none-eabi/13.2.0/../../../../arm-none-eabi/lib/thumb/v7e-m/nofp/libc.a(libc_a-lock.o)
                0x08001384                __retarget_lock_try_acquire
 .text.__retarget_lock_try_acquire_recursive
                0x08001388        0x4 /usr/lib/gcc/arm-none-eabi/13.2.0/../../../../arm-none-eabi/lib/thumb/v7e-m/nofp/libc.a(libc_a-lock.o)
                0x08001388                __retarget_lock_try_acquire_recursive
 .text.__retarget_lock_release
                0x0800138c        0x4 /usr/lib/gcc/arm-none-eabi/13.2.0/../../../../arm-none-eabi/lib/thumb/v7e-m/nofp/libc.a(libc_a-lock.o)
                0x0800138c                __retarget_lock_release
 .text.__retarget_lock_release_recursive
                0x08001390        0x4 /usr/lib/gcc/arm-none-eabi/13.2.0/../../../../arm-none-eabi/lib/thumb/v7e-m/nofp/libc.a(libc_a-lock.o)
                0x08001390                __retarget_lock_release_recursive
 .text.__register_exitproc
                0x08001394       0x80 /usr/lib/gcc/arm-none-eabi/13.2.0/../../../../arm-none-eabi/lib/thumb/v7e-m/nofp/libc.a(libc_a-__atexit.o)
                0x08001394                __register_exitproc
 .text.startup.register_fini
                0x08001414       0x14 /usr/lib/gcc/arm-none-eabi/13.2.0/../../../../arm-none-eabi/lib/thumb/v7e-m/nofp/libc.a(libc_a-__call_atexit.o)
 .text.__call_exitprocs
                0x08001428       0xc0 /usr/lib/gcc/arm-none-eabi/13.2.0/../../../../arm-none-eabi/lib/thumb/v7e-m/nofp/libc.a(libc_a-__call_atexit.o)
                0x08001428                __call_exitprocs
 .text._malloc_trim_r
                0x080014e8       0xb8 /usr/lib/gcc/arm-none-eabi/13.2.0/../../../../arm-none-eabi/lib/thumb/v7e-m/nofp/libc.a(libc_a-freer.o)
                0x080014e8                _malloc_trim_r
 .text._free_r  0x080015a0      0x1f8 /usr/lib/gcc/arm-none-eabi/13.2.0/../../../../arm-none-eabi/lib/thumb/v7e-m/nofp/libc.a(libc_a-freer.o)
                0x080015a0                _free_r
 .text._malloc_r
                0x08001798      0x564 /usr/lib/gcc/arm-none-eabi/13.2.0/../../../../arm-none-eabi/lib/thumb/v7e-m/nofp/libc.a(libc_a-mallocr.o)
                0x08001798                _malloc_r
 .text.__malloc_lock
                0x08001cfc        0xc /usr/lib/gcc/arm-none-eabi/13.2.0/../../../../arm-none-eabi/lib/thumb/v7e-m/nofp/libc.a(libc_a-mlock.o)
                0x08001cfc                __malloc_lock
 .text.__malloc_unlock
                0x08001d08        0xc /usr/lib/gcc/arm-none-eabi/13.2.0/../../../../arm-none-eabi/lib/thumb/v7e-m/nofp/libc.a(libc_a-mlock.o)
                0x08001d08                __malloc_unlock
 .text._fclose_r
                0x08001d14       0xc0 /usr/lib/gcc/arm-none-eabi/13.2.0/../../../../arm-none-eabi/lib/thumb/v7e-m/nofp/libc.a(libc_a-fclose.o)
                0x08001d14                _fclose_r
 .text.fclose   0x08001dd4       0x10 /usr/lib/gcc/arm-none-eabi/13.2.0/../../../../arm-none-eabi/lib/thumb/v7e-m/nofp/libc.a(libc_a-fclose.o)
                0x08001dd4                fclose
 .text.__sflush_r
                0x08001de4      0x128 /usr/lib/gcc/arm-none-eabi/13.2.0/../../../../arm-none-eabi/lib/thumb/v7e-m/nofp/libc.a(libc_a-fflush.o)
                0x08001de4                __sflush_r
 .text._fflush_r
                0x08001f0c       0x54 /usr/lib/gcc/arm-none-eabi/13.2.0/../../../../arm-none-eabi/lib/thumb/v7e-m/nofp/libc.a(libc_a-fflush.o)
                0x08001f0c                _fflush_r
 .text.fflush   0x08001f60       0x74 /usr/lib/gcc/arm-none-eabi/13.2.0/../../../../arm-none-eabi/lib/thumb/v7e-m/nofp/libc.a(libc_a-fflush.o)
                0x08001f60                fflush
 .text.__sfvwrite_r
                0x08001fd4      0x2f8 /usr/lib/gcc/arm-none-eabi/13.2.0/../../../../arm-none-eabi/lib/thumb/v7e-m/nofp/libc.a(libc_a-fvwrite.o)
                0x08001fd4                __sfvwrite_r
 .text.__swsetup_r
                0x080022cc       0xc4 /usr/lib/gcc/arm-none-eabi/13.2.0/../../../../arm-none-eabi/lib/thumb/v7e-m/nofp/libc.a(libc_a-wsetup.o)
                0x080022cc                __swsetup_r
 .text.memmove  0x08002390      0x100 /usr/lib/gcc/arm-none-eabi/13.2.0/../../../../arm-none-eabi/lib/thumb/v7e-m/nofp/libc.a(libc_a-memmove.o)
                0x08002390                memmove
 .text._sbrk_r  0x08002490       0x24 /usr/lib/gcc/arm-none-eabi/13.2.0/../../../../arm-none-eabi/lib/thumb/v7e-m/nofp/libc.a(libc_a-sbrkr.o)
                0x08002490                _sbrk_r
 .text.sysconf  0x080024b4       0x1c /usr/lib/gcc/arm-none-eabi/13.2.0/../../../../arm-none-eabi/lib/thumb/v7e-m/nofp/libc.a(libc_a-sysconf.o)
                0x080024b4                sysconf
 .text._realloc_r
                0x080024d0      0x344 /usr/lib/gcc/arm-none-eabi/13.2.0/../../../../arm-none-eabi/lib/thumb/v7e-m/nofp/libc.a(libc_a-reallocr.o)
                0x080024d0                _realloc_r
 .text.__smakebuf_r
                0x08002814       0xdc /usr/lib/gcc/arm-none-eabi/13.2.0/../../../../arm-none-eabi/lib/thumb/v7e-m/nofp/libc.a(libc_a-makebuf.o)
                0x08002814                __smakebuf_r
 .text.__swhatbuf_r
                0x080028f0       0x60 /usr/lib/gcc/arm-none-eabi/13.2.0/../../../../arm-none-eabi/lib/thumb/v7e-m/nofp/libc.a(libc_a-makebuf.o)
                0x080028f0                __swhatbuf_r
 .text._fstat_r
                0x08002950       0x2c /usr/lib/gcc/arm-none-eabi/13.2.0/../../../../arm-none-eabi/lib/thumb/v7e-m/nofp/libc.a(libc_a-fstatr.o)
                0x08002950                _fstat_r
 .text._isatty_r
                0x0800297c       0x24 /usr/lib/gcc/arm-none-eabi/13.2.0/../../../../arm-none-eabi/lib/thumb/v7e-m/nofp/libc.a(libc_a-isattyr.o)
                0x0800297c                _isatty_r
 .text.__errno  0x080029a0        0xc /usr/lib/gcc/arm-none-eabi/13.2.0/../../../../arm-none-eabi/lib/thumb/v7e-m/nofp/libc.a(libc_a-errno.o)
                0x080029a0                __errno
 .text._exit    0x080029ac       0x14 /usr/lib/gcc/arm-none-eabi/13.2.0/../../../../arm-none-eabi/lib/thumb/v7e-m/nofp/librdimon.a(arm_librdimon_a-_exit.o)
                0x080029ac                _exit
 .text._kill_shared
                0x080029c0       0x30 /usr/lib/gcc/arm-none-eabi/13.2.0/../../../../arm-none-eabi/lib/thumb/v7e-m/nofp/librdimon.a(arm_librdimon_a-_kill.o)
                0x080029c0                _kill_shared
 .text._kill    0x080029f0       0x1c /usr/lib/gcc/arm-none-eabi/13.2.0/../../../../arm-none-eabi/lib/thumb/v7e-m/nofp/librdimon.a(arm_librdimon_a-_kill.o)
                0x080029f0                _kill
 .text._swiread
                0x08002a0c       0x3c /usr/lib/gcc/arm-none-eabi/13.2.0/../../../../arm-none-eabi/lib/thumb/v7e-m/nofp/librdimon.a(arm_librdimon_a-syscalls.o)
                0x08002a0c                _swiread
 .text._read    0x08002a48       0x8c /usr/lib/gcc/arm-none-eabi/13.2.0/../../../../arm-none-eabi/lib/thumb/v7e-m/nofp/librdimon.a(arm_librdimon_a-syscalls.o)
                0x08002a48                _read
 .text._swilseek
                0x08002ad4       0xbc /usr/lib/gcc/arm-none-eabi/13.2.0/../../../../arm-none-eabi/lib/thumb/v7e-m/nofp/librdimon.a(arm_librdimon_a-syscalls.o)
                0x08002ad4                _swilseek
 .text._lseek   0x08002b90        0x4 /usr/lib/gcc/arm-none-eabi/13.2.0/../../../../arm-none-eabi/lib/thumb/v7e-m/nofp/librdimon.a(arm_librdimon_a-syscalls.o)
                0x08002b90                _lseek
 .text._swiwrite
                0x08002b94       0x3c /usr/lib/gcc/arm-none-eabi/13.2.0/../../../../arm-none-eabi/lib/thumb/v7e-m/nofp/librdimon.a(arm_librdimon_a-syscalls.o)
                0x08002b94                _swiwrite
 .text._write   0x08002bd0       0xa8 /usr/lib/gcc/arm-none-eabi/13.2.0/../../../../arm-none-eabi/lib/thumb/v7e-m/nofp/librdimon.a(arm_librdimon_a-syscalls.o)
                0x08002bd0                _write
 .text._swiclose
                0x08002c78       0x38 /usr/lib/gcc/arm-none-eabi/13.2.0/../../../../arm-none-eabi/lib/thumb/v7e-m/nofp/librdimon.a(arm_librdimon_a-syscalls.o)
                0x08002c78                _swiclose
 .text._close   0x08002cb0       0x94 /usr/lib/gcc/arm-none-eabi/13.2.0/../../../../arm-none-eabi/lib/thumb/v7e-m/nofp/librdimon.a(arm_librdimon_a-syscalls.o)
                0x08002cb0                _close
 .text._getpid  0x08002d44        0x4 /usr/lib/gcc/arm-none-eabi/13.2.0/../../../../arm-none-eabi/lib/thumb/v7e-m/nofp/librdimon.a(arm_librdimon_a-syscalls.o)
                0x08002d44                _getpid
 .text._sbrk    0x08002d48       0x48 /usr/lib/gcc/arm-none-eabi/13.2.0/../../../../arm-none-eabi/lib/thumb/v7e-m/nofp/librdimon.a(arm_librdimon_a-syscalls.o)
                0x08002d48                _sbrk
 .text._swistat
                0x08002d90       0x7c /usr/lib/gcc/arm-none-eabi/13.2.0/../../../../arm-none-eabi/lib/thumb/v7e-m/nofp/librdimon.a(arm_librdimon_a-syscalls.o)
                0x08002d90                _swistat
 .text._fstat   0x08002e0c       0x1c /usr/lib/gcc/arm-none-eabi/13.2.0/../../../../arm-none-eabi/lib/thumb/v7e-m/nofp/librdimon.a(arm_librdimon_a-syscalls.o)
                0x08002e0c                _fstat
 .text._stat    0x08002e28       0x3c /usr/lib/gcc/arm-none-eabi/13.2.0/../../../../arm-none-eabi/lib/thumb/v7e-m/nofp/librdimon.a(arm_librdimon_a-syscalls.o)
                0x08002e28                _stat
 .text._swiopen
                0x08002e64       0xc8 /usr/lib/gcc/arm-none-eabi/13.2.0/../../../../arm-none-eabi/lib/thumb/v7e-m/nofp/librdimon.a(arm_librdimon_a-syscalls.o)
                0x08002e64                _swiopen
 .text._open    0x08002f2c       0x14 /usr/lib/gcc/arm-none-eabi/13.2.0/../../../../arm-none-eabi/lib/thumb/v7e-m/nofp/librdimon.a(arm_librdimon_a-syscalls.o)
                0x08002f2c                _open
 .text._get_semihosting_exts
                0x08002f40      0x104 /usr/lib/gcc/arm-none-eabi/13.2.0/../../../../arm-none-eabi/lib/thumb/v7e-m/nofp/librdimon.a(arm_librdimon_a-syscalls.o)
                0x08002f40                _get_semihosting_exts
 .text._has_ext_exit_extended
                0x08003044       0x48 /usr/lib/gcc/arm-none-eabi/13.2.0/../../../../arm-none-eabi/lib/thumb/v7e-m/nofp/librdimon.a(arm_librdimon_a-syscalls.o)
                0x08003044                _has_ext_exit_extended
 .text._has_ext_stdout_stderr
                0x0800308c       0x48 /usr/lib/gcc/arm-none-eabi/13.2.0/../../../../arm-none-eabi/lib/thumb/v7e-m/nofp/librdimon.a(arm_librdimon_a-syscalls.o)
                0x0800308c                _has_ext_stdout_stderr
 .text.initialise_monitor_handles
                0x080030d4      0x158 /usr/lib/gcc/arm-none-eabi/13.2.0/../../../../arm-none-eabi/lib/thumb/v7e-m/nofp/librdimon.a(arm_librdimon_a-syscalls.o)
                0x080030d4                initialise_monitor_handles
 .text._link    0x0800322c       0x10 /usr/lib/gcc/arm-none-eabi/13.2.0/../../../../arm-none-eabi/lib/thumb/v7e-m/nofp/librdimon.a(arm_librdimon_a-syscalls.o)
                0x0800322c                _link
 .text._unlink  0x0800323c       0x40 /usr/lib/gcc/arm-none-eabi/13.2.0/../../../../arm-none-eabi/lib/thumb/v7e-m/nofp/librdimon.a(arm_librdimon_a-syscalls.o)
                0x0800323c                _unlink
 .text._gettimeofday
                0x0800327c       0x28 /usr/lib/gcc/arm-none-eabi/13.2.0/../../../../arm-none-eabi/lib/thumb/v7e-m/nofp/librdimon.a(arm_librdimon_a-syscalls.o)
                0x0800327c                _gettimeofday
 .text._clock   0x080032a4       0x14 /usr/lib/gcc/arm-none-eabi/13.2.0/../../../../arm-none-eabi/lib/thumb/v7e-m/nofp/librdimon.a(arm_librdimon_a-syscalls.o)
                0x080032a4                _clock
 .text._times   0x080032b8       0x20 /usr/lib/gcc/arm-none-eabi/13.2.0/../../../../arm-none-eabi/lib/thumb/v7e-m/nofp/librdimon.a(arm_librdimon_a-syscalls.o)
                0x080032b8                _times
 .text._isatty  0x080032d8       0x64 /usr/lib/gcc/arm-none-eabi/13.2.0/../../../../arm-none-eabi/lib/thumb/v7e-m/nofp/librdimon.a(arm_librdimon_a-syscalls.o)
                0x080032d8                _isatty
 .text._system  0x0800333c       0x58 /usr/lib/gcc/arm-none-eabi/13.2.0/../../../../arm-none-eabi/lib/thumb/v7e-m/nofp/librdimon.a(arm_librdimon_a-syscalls.o)
                0x0800333c                _system
 .text._rename  0x08003394       0x54 /usr/lib/gcc/arm-none-eabi/13.2.0/../../../../arm-none-eabi/lib/thumb/v7e-m/nofp/librdimon.a(arm_librdimon_a-syscalls.o)
                0x08003394                _rename
 *(.init)
 .init          0x080033e8        0x4 /usr/lib/gcc/arm-none-eabi/13.2.0/thumb/v7e-m/nofp/crti.o
                0x080033e8                _init
 .init          0x080033ec        0x8 /usr/lib/gcc/arm-none-eabi/13.2.0/thumb/v7e-m/nofp/crtn.o
 *(.fini)
 .fini          0x080033f4        0x4 /usr/lib/gcc/arm-none-eabi/13.2.0/thumb/v7e-m/nofp/crti.o
                0x080033f4                _fini
 .fini          0x080033f8        0x8 /usr/lib/gcc/arm-none-eabi/13.2.0/thumb/v7e-m/nofp/crtn.o
 *(.rodata)
 .rodata        0x08003400       0x24 /usr/lib/gcc/arm-none-eabi/13.2.0/thumb/v7e-m/nofp/crtbegin.o
 .rodata        0x08003424       0xc9 main.o
                0x08003424                const_v_1
                0x08003428                const_v_2
                0x0800342c                const_V_3
 *fill*         0x080034ed        0x3 
 .rodata        0x080034f0       0x24 /usr/lib/gcc/arm-none-eabi/13.2.0/thumb/v7e-m/nofp/crtend.o
 *(.rodata.*)
 .rodata._puts_r.str1.4
                0x08003514       0x20 /usr/lib/gcc/arm-none-eabi/13.2.0/../../../../arm-none-eabi/lib/thumb/v7e-m/nofp/libc.a(libc_a-puts.o)
                                  0x2 (size before relaxing)
 .rodata._get_semihosting_exts.str1.4
                0x08003534       0x16 /usr/lib/gcc/arm-none-eabi/13.2.0/../../../../arm-none-eabi/lib/thumb/v7e-m/nofp/librdimon.a(arm_librdimon_a-syscalls.o)
 .rodata.initialise_monitor_handles.str1.4
                0x08003534        0x4 /usr/lib/gcc/arm-none-eabi/13.2.0/../../../../arm-none-eabi/lib/thumb/v7e-m/nofp/librdimon.a(arm_librdimon_a-syscalls.o)
                0x0800354c                        . = ALIGN (0x4)
                0x08003534                        _etext = .
                0x080035c8                        _la_data = LOADADDR (.data)

.glue_7         0x08003534        0x0
 .glue_7        0x08003534        0x0 linker stubs

.glue_7t        0x08003534        0x0
 .glue_7t       0x08003534        0x0 linker stubs

.vfp11_veneer   0x08003534        0x0
 .vfp11_veneer  0x08003534        0x0 linker stubs

.v4_bx          0x08003534        0x0
 .v4_bx         0x08003534        0x0 linker stubs

.iplt           0x08003534        0x0
 .iplt          0x08003534        0x0 /usr/lib/gcc/arm-none-eabi/13.2.0/thumb/v7e-m/nofp/crtbegin.o

.eh_frame       0x08003534       0x8c
 .eh_frame      0x08003534        0x0 /usr/lib/gcc/arm-none-eabi/13.2.0/thumb/v7e-m/nofp/crtbegin.o
 .eh_frame      0x08003534       0x34 /usr/lib/gcc/arm-none-eabi/13.2.0/../../../../arm-none-eabi/lib/thumb/v7e-m/nofp/libc.a(libc_a-strlen.o)
 .eh_frame      0x08003568       0x3c /usr/lib/gcc/arm-none-eabi/13.2.0/../../../../arm-none-eabi/lib/thumb/v7e-m/nofp/libc.a(libc_a-memchr.o)
                                 0x50 (size before relaxing)
 .eh_frame      0x080035a4       0x18 /usr/lib/gcc/arm-none-eabi/13.2.0/../../../../arm-none-eabi/lib/thumb/v7e-m/nofp/libc.a(libc_a-memcpy.o)
                                 0x2c (size before relaxing)
 .eh_frame      0x080035bc        0x4 /usr/lib/gcc/arm-none-eabi/13.2.0/thumb/v7e-m/nofp/crtend.o

.ARM.extab      0x080035c0        0x0
 .ARM.extab     0x080035c0        0x0 /usr/lib/gcc/arm-none-eabi/13.2.0/../../../../arm-none-eabi/lib/thumb/v7e-m/nofp/rdimon-crt0.o
 .ARM.extab     0x080035c0        0x0 /usr/lib/gcc/arm-none-eabi/13.2.0/../../../../arm-none-eabi/lib/thumb/v7e-m/nofp/libc.a(libc_a-strlen.o)
 .ARM.extab     0x080035c0        0x0 /usr/lib/gcc/arm-none-eabi/13.2.0/../../../../arm-none-eabi/lib/thumb/v7e-m/nofp/libc.a(libc_a-memchr.o)
 .ARM.extab     0x080035c0        0x0 /usr/lib/gcc/arm-none-eabi/13.2.0/../../../../arm-none-eabi/lib/thumb/v7e-m/nofp/libc.a(libc_a-memcpy.o)

.ARM.exidx      0x080035c0        0x8
 .ARM.exidx     0x080035c0        0x8 /usr/lib/gcc/arm-none-eabi/13.2.0/../../../../arm-none-eabi/lib/thumb/v7e-m/nofp/rdimon-crt0.o
                                 0x10 (size before relaxing)
 .ARM.exidx     0x080035c8        0x0 /usr/lib/gcc/arm-none-eabi/13.2.0/../../../../arm-none-eabi/lib/thumb/v7e-m/nofp/libc.a(libc_a-strlen.o)
                                  0x8 (size before relaxing)
 .ARM.exidx     0x080035c8        0x0 /usr/lib/gcc/arm-none-eabi/13.2.0/../../../../arm-none-eabi/lib/thumb/v7e-m/nofp/libc.a(libc_a-memchr.o)
                                  0x8 (size before relaxing)
 .ARM.exidx     0x080035c8        0x0 /usr/lib/gcc/arm-none-eabi/13.2.0/../../../../arm-none-eabi/lib/thumb/v7e-m/nofp/libc.a(libc_a-memcpy.o)
                                  0x8 (size before relaxing)

.rel.dyn        0x080035c8        0x0
 .rel.iplt      0x080035c8        0x0 /usr/lib/gcc/arm-none-eabi/13.2.0/thumb/v7e-m/nofp/crtbegin.o

.data           0x20000000      0x674 load address 0x080035c8
                0x20000000                        _sdata = .
 *(.data)
 .data          0x20000000        0x0 /usr/lib/gcc/arm-none-eabi/13.2.0/thumb/v7e-m/nofp/crti.o
 .data          0x20000000        0x4 /usr/lib/gcc/arm-none-eabi/13.2.0/thumb/v7e-m/nofp/crtbegin.o
                0x20000000                __dso_handle
 .data          0x20000004      0x118 /usr/lib/gcc/arm-none-eabi/13.2.0/../../../../arm-none-eabi/lib/thumb/v7e-m/nofp/rdimon-crt0.o
                0x2000000c                __stack_base__
 .data          0x2000011c        0x1 main.o
                0x2000011c                current_task
 .data          0x2000011d        0x0 led.o
 .data          0x2000011d        0x0 stm32_startup.o
 .data          0x2000011d        0x0 /usr/lib/gcc/arm-none-eabi/13.2.0/../../../../arm-none-eabi/lib/thumb/v7e-m/nofp/libc.a(libc_a-atexit.o)
 .data          0x2000011d        0x0 /usr/lib/gcc/arm-none-eabi/13.2.0/../../../../arm-none-eabi/lib/thumb/v7e-m/nofp/libc.a(libc_a-exit.o)
 .data          0x2000011d        0x0 /usr/lib/gcc/arm-none-eabi/13.2.0/../../../../arm-none-eabi/lib/thumb/v7e-m/nofp/libc.a(libc_a-findfp.o)
 .data          0x2000011d        0x0 /usr/lib/gcc/arm-none-eabi/13.2.0/../../../../arm-none-eabi/lib/thumb/v7e-m/nofp/libc.a(libc_a-fwalk.o)
 .data          0x2000011d        0x0 /usr/lib/gcc/arm-none-eabi/13.2.0/../../../../arm-none-eabi/lib/thumb/v7e-m/nofp/libc.a(libc_a-puts.o)
 .data          0x2000011d        0x0 /usr/lib/gcc/arm-none-eabi/13.2.0/../../../../arm-none-eabi/lib/thumb/v7e-m/nofp/libc.a(libc_a-stdio.o)
 .data          0x2000011d        0x0 /usr/lib/gcc/arm-none-eabi/13.2.0/../../../../arm-none-eabi/lib/thumb/v7e-m/nofp/libc.a(libc_a-memset.o)
 .data          0x2000011d        0x0 /usr/lib/gcc/arm-none-eabi/13.2.0/../../../../arm-none-eabi/lib/thumb/v7e-m/nofp/libc.a(libc_a-closer.o)
 .data          0x2000011d        0x0 /usr/lib/gcc/arm-none-eabi/13.2.0/../../../../arm-none-eabi/lib/thumb/v7e-m/nofp/libc.a(libc_a-reent.o)
 .data          0x2000011d        0x0 /usr/lib/gcc/arm-none-eabi/13.2.0/../../../../arm-none-eabi/lib/thumb/v7e-m/nofp/libc.a(libc_a-impure.o)
 .data          0x2000011d        0x0 /usr/lib/gcc/arm-none-eabi/13.2.0/../../../../arm-none-eabi/lib/thumb/v7e-m/nofp/libc.a(libc_a-lseekr.o)
 .data          0x2000011d        0x0 /usr/lib/gcc/arm-none-eabi/13.2.0/../../../../arm-none-eabi/lib/thumb/v7e-m/nofp/libc.a(libc_a-readr.o)
 .data          0x2000011d        0x0 /usr/lib/gcc/arm-none-eabi/13.2.0/../../../../arm-none-eabi/lib/thumb/v7e-m/nofp/libc.a(libc_a-writer.o)
 .data          0x2000011d        0x0 /usr/lib/gcc/arm-none-eabi/13.2.0/../../../../arm-none-eabi/lib/thumb/v7e-m/nofp/libc.a(libc_a-init.o)
 .data          0x2000011d        0x0 /usr/lib/gcc/arm-none-eabi/13.2.0/../../../../arm-none-eabi/lib/thumb/v7e-m/nofp/libc.a(libc_a-fini.o)
 .data          0x2000011d        0x0 /usr/lib/gcc/arm-none-eabi/13.2.0/../../../../arm-none-eabi/lib/thumb/v7e-m/nofp/libc.a(libc_a-lock.o)
 .data          0x2000011d        0x0 /usr/lib/gcc/arm-none-eabi/13.2.0/../../../../arm-none-eabi/lib/thumb/v7e-m/nofp/libc.a(libc_a-strlen.o)
 .data          0x2000011d        0x0 /usr/lib/gcc/arm-none-eabi/13.2.0/../../../../arm-none-eabi/lib/thumb/v7e-m/nofp/libc.a(libc_a-__atexit.o)
 .data          0x2000011d        0x0 /usr/lib/gcc/arm-none-eabi/13.2.0/../../../../arm-none-eabi/lib/thumb/v7e-m/nofp/libc.a(libc_a-__call_atexit.o)
 .data          0x2000011d        0x0 /usr/lib/gcc/arm-none-eabi/13.2.0/../../../../arm-none-eabi/lib/thumb/v7e-m/nofp/libc.a(libc_a-freer.o)
 .data          0x2000011d        0x0 /usr/lib/gcc/arm-none-eabi/13.2.0/../../../../arm-none-eabi/lib/thumb/v7e-m/nofp/libc.a(libc_a-mallocr.o)
 .data          0x2000011d        0x0 /usr/lib/gcc/arm-none-eabi/13.2.0/../../../../arm-none-eabi/lib/thumb/v7e-m/nofp/libc.a(libc_a-mlock.o)
 .data          0x2000011d        0x0 /usr/lib/gcc/arm-none-eabi/13.2.0/../../../../arm-none-eabi/lib/thumb/v7e-m/nofp/libc.a(libc_a-fclose.o)
 .data          0x2000011d        0x0 /usr/lib/gcc/arm-none-eabi/13.2.0/../../../../arm-none-eabi/lib/thumb/v7e-m/nofp/libc.a(libc_a-fflush.o)
 .data          0x2000011d        0x0 /usr/lib/gcc/arm-none-eabi/13.2.0/../../../../arm-none-eabi/lib/thumb/v7e-m/nofp/libc.a(libc_a-fvwrite.o)
 .data          0x2000011d        0x0 /usr/lib/gcc/arm-none-eabi/13.2.0/../../../../arm-none-eabi/lib/thumb/v7e-m/nofp/libc.a(libc_a-wsetup.o)
 .data          0x2000011d        0x0 /usr/lib/gcc/arm-none-eabi/13.2.0/../../../../arm-none-eabi/lib/thumb/v7e-m/nofp/libc.a(libc_a-memmove.o)
 .data          0x2000011d        0x0 /usr/lib/gcc/arm-none-eabi/13.2.0/../../../../arm-none-eabi/lib/thumb/v7e-m/nofp/libc.a(libc_a-sbrkr.o)
 .data          0x2000011d        0x0 /usr/lib/gcc/arm-none-eabi/13.2.0/../../../../arm-none-eabi/lib/thumb/v7e-m/nofp/libc.a(libc_a-sysconf.o)
 .data          0x2000011d        0x0 /usr/lib/gcc/arm-none-eabi/13.2.0/../../../../arm-none-eabi/lib/thumb/v7e-m/nofp/libc.a(libc_a-memchr.o)
 .data          0x2000011d        0x0 /usr/lib/gcc/arm-none-eabi/13.2.0/../../../../arm-none-eabi/lib/thumb/v7e-m/nofp/libc.a(libc_a-memcpy.o)
 .data          0x2000011d        0x0 /usr/lib/gcc/arm-none-eabi/13.2.0/../../../../arm-none-eabi/lib/thumb/v7e-m/nofp/libc.a(libc_a-reallocr.o)
 .data          0x2000011d        0x0 /usr/lib/gcc/arm-none-eabi/13.2.0/../../../../arm-none-eabi/lib/thumb/v7e-m/nofp/libc.a(libc_a-makebuf.o)
 .data          0x2000011d        0x0 /usr/lib/gcc/arm-none-eabi/13.2.0/../../../../arm-none-eabi/lib/thumb/v7e-m/nofp/libc.a(libc_a-fstatr.o)
 .data          0x2000011d        0x0 /usr/lib/gcc/arm-none-eabi/13.2.0/../../../../arm-none-eabi/lib/thumb/v7e-m/nofp/libc.a(libc_a-isattyr.o)
 .data          0x2000011d        0x0 /usr/lib/gcc/arm-none-eabi/13.2.0/../../../../arm-none-eabi/lib/thumb/v7e-m/nofp/libc.a(libc_a-errno.o)
 .data          0x2000011d        0x0 /usr/lib/gcc/arm-none-eabi/13.2.0/../../../../arm-none-eabi/lib/thumb/v7e-m/nofp/librdimon.a(arm_librdimon_a-_exit.o)
 .data          0x2000011d        0x0 /usr/lib/gcc/arm-none-eabi/13.2.0/../../../../arm-none-eabi/lib/thumb/v7e-m/nofp/librdimon.a(arm_librdimon_a-_kill.o)
 .data          0x2000011d        0x0 /usr/lib/gcc/arm-none-eabi/13.2.0/../../../../arm-none-eabi/lib/thumb/v7e-m/nofp/librdimon.a(arm_librdimon_a-syscalls.o)
 .data          0x2000011d        0x0 /usr/lib/gcc/arm-none-eabi/13.2.0/thumb/v7e-m/nofp/crtend.o
 .data          0x2000011d        0x0 /usr/lib/gcc/arm-none-eabi/13.2.0/thumb/v7e-m/nofp/crtn.o
 *(.data.*)
 *fill*         0x2000011d        0x3 
 .data.__sglue  0x20000120        0xc /usr/lib/gcc/arm-none-eabi/13.2.0/../../../../arm-none-eabi/lib/thumb/v7e-m/nofp/libc.a(libc_a-findfp.o)
                0x20000120                __sglue
 .data._impure_ptr
                0x2000012c        0x4 /usr/lib/gcc/arm-none-eabi/13.2.0/../../../../arm-none-eabi/lib/thumb/v7e-m/nofp/libc.a(libc_a-impure.o)
                0x2000012c                _impure_ptr
 .data._impure_data
                0x20000130      0x120 /usr/lib/gcc/arm-none-eabi/13.2.0/../../../../arm-none-eabi/lib/thumb/v7e-m/nofp/libc.a(libc_a-impure.o)
                0x20000130                _impure_data
 .data.__atexit_recursive_mutex
                0x20000250        0x4 /usr/lib/gcc/arm-none-eabi/13.2.0/../../../../arm-none-eabi/lib/thumb/v7e-m/nofp/libc.a(libc_a-__call_atexit.o)
                0x20000250                __atexit_recursive_mutex
 .data.__malloc_sbrk_base
                0x20000254        0x4 /usr/lib/gcc/arm-none-eabi/13.2.0/../../../../arm-none-eabi/lib/thumb/v7e-m/nofp/libc.a(libc_a-mallocr.o)
                0x20000254                __malloc_sbrk_base
 .data.__malloc_trim_threshold
                0x20000258        0x4 /usr/lib/gcc/arm-none-eabi/13.2.0/../../../../arm-none-eabi/lib/thumb/v7e-m/nofp/libc.a(libc_a-mallocr.o)
                0x20000258                __malloc_trim_threshold
 *fill*         0x2000025c        0x4 
 .data.__malloc_av_
                0x20000260      0x408 /usr/lib/gcc/arm-none-eabi/13.2.0/../../../../arm-none-eabi/lib/thumb/v7e-m/nofp/libc.a(libc_a-mallocr.o)
                0x20000260                __malloc_av_
 .data.__heap_limit
                0x20000668        0x4 /usr/lib/gcc/arm-none-eabi/13.2.0/../../../../arm-none-eabi/lib/thumb/v7e-m/nofp/librdimon.a(arm_librdimon_a-syscalls.o)
                0x20000668                __heap_limit
 .data.supports_ext_stdout_stderr
                0x2000066c        0x4 /usr/lib/gcc/arm-none-eabi/13.2.0/../../../../arm-none-eabi/lib/thumb/v7e-m/nofp/librdimon.a(arm_librdimon_a-syscalls.o)
 .data.supports_ext_exit_extended
                0x20000670        0x4 /usr/lib/gcc/arm-none-eabi/13.2.0/../../../../arm-none-eabi/lib/thumb/v7e-m/nofp/librdimon.a(arm_librdimon_a-syscalls.o)
                0x20000674                        . = ALIGN (0x4)
                0x20000674                        _edata = .

.init_array     0x20000674        0x4 load address 0x08003c3c
 .init_array    0x20000674        0x4 /usr/lib/gcc/arm-none-eabi/13.2.0/thumb/v7e-m/nofp/crtbegin.o

.fini_array     0x20000678        0x4 load address 0x08003c40
 .fini_array    0x20000678        0x4 /usr/lib/gcc/arm-none-eabi/13.2.0/thumb/v7e-m/nofp/crtbegin.o

.tm_clone_table
                0x2000067c        0x0 load address 0x08003c44
 .tm_clone_table
                0x2000067c        0x0 /usr/lib/gcc/arm-none-eabi/13.2.0/thumb/v7e-m/nofp/crtbegin.o
 .tm_clone_table
                0x2000067c        0x0 /usr/lib/gcc/arm-none-eabi/13.2.0/thumb/v7e-m/nofp/crtend.o

.igot.plt       0x2000067c        0x0 load address 0x08003c44
 .igot.plt      0x2000067c        0x0 /usr/lib/gcc/arm-none-eabi/13.2.0/thumb/v7e-m/nofp/crtbegin.o

.init_array.00000
                0x2000067c        0x4 load address 0x08003c44
 .init_array.00000
                0x2000067c        0x4 /usr/lib/gcc/arm-none-eabi/13.2.0/../../../../arm-none-eabi/lib/thumb/v7e-m/nofp/libc.a(libc_a-__call_atexit.o)

.bss            0x20000680      0x448 load address 0x08003c48
                0x20000680                        _sbss = .
                0x20000680                        __bss_start__ = _sbss
 *(.bss)
 .bss           0x20000680        0x0 /usr/lib/gcc/arm-none-eabi/13.2.0/thumb/v7e-m/nofp/crti.o
 .bss           0x20000680       0x1c /usr/lib/gcc/arm-none-eabi/13.2.0/thumb/v7e-m/nofp/crtbegin.o
 .bss           0x2000069c        0x0 /usr/lib/gcc/arm-none-eabi/13.2.0/../../../../arm-none-eabi/lib/thumb/v7e-m/nofp/rdimon-crt0.o
 .bss           0x2000069c       0x54 main.o
                0x2000069c                g_tick_count
                0x200006a0                user_tasks
 .bss           0x200006f0        0x0 led.o
 .bss           0x200006f0        0x0 stm32_startup.o
 .bss           0x200006f0        0x0 /usr/lib/gcc/arm-none-eabi/13.2.0/../../../../arm-none-eabi/lib/thumb/v7e-m/nofp/libc.a(libc_a-atexit.o)
 .bss           0x200006f0        0x0 /usr/lib/gcc/arm-none-eabi/13.2.0/../../../../arm-none-eabi/lib/thumb/v7e-m/nofp/libc.a(libc_a-exit.o)
 .bss           0x200006f0        0x0 /usr/lib/gcc/arm-none-eabi/13.2.0/../../../../arm-none-eabi/lib/thumb/v7e-m/nofp/libc.a(libc_a-findfp.o)
 .bss           0x200006f0        0x0 /usr/lib/gcc/arm-none-eabi/13.2.0/../../../../arm-none-eabi/lib/thumb/v7e-m/nofp/libc.a(libc_a-fwalk.o)
 .bss           0x200006f0        0x0 /usr/lib/gcc/arm-none-eabi/13.2.0/../../../../arm-none-eabi/lib/thumb/v7e-m/nofp/libc.a(libc_a-puts.o)
 .bss           0x200006f0        0x0 /usr/lib/gcc/arm-none-eabi/13.2.0/../../../../arm-none-eabi/lib/thumb/v7e-m/nofp/libc.a(libc_a-stdio.o)
 .bss           0x200006f0        0x0 /usr/lib/gcc/arm-none-eabi/13.2.0/../../../../arm-none-eabi/lib/thumb/v7e-m/nofp/libc.a(libc_a-memset.o)
 .bss           0x200006f0        0x0 /usr/lib/gcc/arm-none-eabi/13.2.0/../../../../arm-none-eabi/lib/thumb/v7e-m/nofp/libc.a(libc_a-closer.o)
 .bss           0x200006f0        0x0 /usr/lib/gcc/arm-none-eabi/13.2.0/../../../../arm-none-eabi/lib/thumb/v7e-m/nofp/libc.a(libc_a-reent.o)
 .bss           0x200006f0        0x0 /usr/lib/gcc/arm-none-eabi/13.2.0/../../../../arm-none-eabi/lib/thumb/v7e-m/nofp/libc.a(libc_a-impure.o)
 .bss           0x200006f0        0x0 /usr/lib/gcc/arm-none-eabi/13.2.0/../../../../arm-none-eabi/lib/thumb/v7e-m/nofp/libc.a(libc_a-lseekr.o)
 .bss           0x200006f0        0x0 /usr/lib/gcc/arm-none-eabi/13.2.0/../../../../arm-none-eabi/lib/thumb/v7e-m/nofp/libc.a(libc_a-readr.o)
 .bss           0x200006f0        0x0 /usr/lib/gcc/arm-none-eabi/13.2.0/../../../../arm-none-eabi/lib/thumb/v7e-m/nofp/libc.a(libc_a-writer.o)
 .bss           0x200006f0        0x0 /usr/lib/gcc/arm-none-eabi/13.2.0/../../../../arm-none-eabi/lib/thumb/v7e-m/nofp/libc.a(libc_a-init.o)
 .bss           0x200006f0        0x0 /usr/lib/gcc/arm-none-eabi/13.2.0/../../../../arm-none-eabi/lib/thumb/v7e-m/nofp/libc.a(libc_a-fini.o)
 .bss           0x200006f0        0x0 /usr/lib/gcc/arm-none-eabi/13.2.0/../../../../arm-none-eabi/lib/thumb/v7e-m/nofp/libc.a(libc_a-lock.o)
 .bss           0x200006f0        0x0 /usr/lib/gcc/arm-none-eabi/13.2.0/../../../../arm-none-eabi/lib/thumb/v7e-m/nofp/libc.a(libc_a-strlen.o)
 .bss           0x200006f0        0x0 /usr/lib/gcc/arm-none-eabi/13.2.0/../../../../arm-none-eabi/lib/thumb/v7e-m/nofp/libc.a(libc_a-__atexit.o)
 .bss           0x200006f0        0x0 /usr/lib/gcc/arm-none-eabi/13.2.0/../../../../arm-none-eabi/lib/thumb/v7e-m/nofp/libc.a(libc_a-__call_atexit.o)
 .bss           0x200006f0        0x0 /usr/lib/gcc/arm-none-eabi/13.2.0/../../../../arm-none-eabi/lib/thumb/v7e-m/nofp/libc.a(libc_a-freer.o)
 .bss           0x200006f0        0x0 /usr/lib/gcc/arm-none-eabi/13.2.0/../../../../arm-none-eabi/lib/thumb/v7e-m/nofp/libc.a(libc_a-mallocr.o)
 .bss           0x200006f0        0x0 /usr/lib/gcc/arm-none-eabi/13.2.0/../../../../arm-none-eabi/lib/thumb/v7e-m/nofp/libc.a(libc_a-mlock.o)
 .bss           0x200006f0        0x0 /usr/lib/gcc/arm-none-eabi/13.2.0/../../../../arm-none-eabi/lib/thumb/v7e-m/nofp/libc.a(libc_a-fclose.o)
 .bss           0x200006f0        0x0 /usr/lib/gcc/arm-none-eabi/13.2.0/../../../../arm-none-eabi/lib/thumb/v7e-m/nofp/libc.a(libc_a-fflush.o)
 .bss           0x200006f0        0x0 /usr/lib/gcc/arm-none-eabi/13.2.0/../../../../arm-none-eabi/lib/thumb/v7e-m/nofp/libc.a(libc_a-fvwrite.o)
 .bss           0x200006f0        0x0 /usr/lib/gcc/arm-none-eabi/13.2.0/../../../../arm-none-eabi/lib/thumb/v7e-m/nofp/libc.a(libc_a-wsetup.o)
 .bss           0x200006f0        0x0 /usr/lib/gcc/arm-none-eabi/13.2.0/../../../../arm-none-eabi/lib/thumb/v7e-m/nofp/libc.a(libc_a-memmove.o)
 .bss           0x200006f0        0x0 /usr/lib/gcc/arm-none-eabi/13.2.0/../../../../arm-none-eabi/lib/thumb/v7e-m/nofp/libc.a(libc_a-sbrkr.o)
 .bss           0x200006f0        0x0 /usr/lib/gcc/arm-none-eabi/13.2.0/../../../../arm-none-eabi/lib/thumb/v7e-m/nofp/libc.a(libc_a-sysconf.o)
 .bss           0x200006f0        0x0 /usr/lib/gcc/arm-none-eabi/13.2.0/../../../../arm-none-eabi/lib/thumb/v7e-m/nofp/libc.a(libc_a-memchr.o)
 .bss           0x200006f0        0x0 /usr/lib/gcc/arm-none-eabi/13.2.0/../../../../arm-none-eabi/lib/thumb/v7e-m/nofp/libc.a(libc_a-memcpy.o)
 .bss           0x200006f0        0x0 /usr/lib/gcc/arm-none-eabi/13.2.0/../../../../arm-none-eabi/lib/thumb/v7e-m/nofp/libc.a(libc_a-reallocr.o)
 .bss           0x200006f0        0x0 /usr/lib/gcc/arm-none-eabi/13.2.0/../../../../arm-none-eabi/lib/thumb/v7e-m/nofp/libc.a(libc_a-makebuf.o)
 .bss           0x200006f0        0x0 /usr/lib/gcc/arm-none-eabi/13.2.0/../../../../arm-none-eabi/lib/thumb/v7e-m/nofp/libc.a(libc_a-fstatr.o)
 .bss           0x200006f0        0x0 /usr/lib/gcc/arm-none-eabi/13.2.0/../../../../arm-none-eabi/lib/thumb/v7e-m/nofp/libc.a(libc_a-isattyr.o)
 .bss           0x200006f0        0x0 /usr/lib/gcc/arm-none-eabi/13.2.0/../../../../arm-none-eabi/lib/thumb/v7e-m/nofp/libc.a(libc_a-errno.o)
 .bss           0x200006f0        0x0 /usr/lib/gcc/arm-none-eabi/13.2.0/../../../../arm-none-eabi/lib/thumb/v7e-m/nofp/librdimon.a(arm_librdimon_a-_exit.o)
 .bss           0x200006f0        0x0 /usr/lib/gcc/arm-none-eabi/13.2.0/../../../../arm-none-eabi/lib/thumb/v7e-m/nofp/librdimon.a(arm_librdimon_a-_kill.o)
 .bss           0x200006f0        0x0 /usr/lib/gcc/arm-none-eabi/13.2.0/../../../../arm-none-eabi/lib/thumb/v7e-m/nofp/librdimon.a(arm_librdimon_a-syscalls.o)
 .bss           0x200006f0        0x0 /usr/lib/gcc/arm-none-eabi/13.2.0/thumb/v7e-m/nofp/crtend.o
 .bss           0x200006f0        0x0 /usr/lib/gcc/arm-none-eabi/13.2.0/thumb/v7e-m/nofp/crtn.o
 *(.bss.*)
 .bss.__sf      0x200006f0      0x138 /usr/lib/gcc/arm-none-eabi/13.2.0/../../../../arm-none-eabi/lib/thumb/v7e-m/nofp/libc.a(libc_a-findfp.o)
                0x200006f0                __sf
 .bss.__stdio_exit_handler
                0x20000828        0x4 /usr/lib/gcc/arm-none-eabi/13.2.0/../../../../arm-none-eabi/lib/thumb/v7e-m/nofp/libc.a(libc_a-findfp.o)
                0x20000828                __stdio_exit_handler
 .bss.errno     0x2000082c        0x4 /usr/lib/gcc/arm-none-eabi/13.2.0/../../../../arm-none-eabi/lib/thumb/v7e-m/nofp/libc.a(libc_a-reent.o)
                0x2000082c                errno
 .bss.__lock___arc4random_mutex
                0x20000830        0x1 /usr/lib/gcc/arm-none-eabi/13.2.0/../../../../arm-none-eabi/lib/thumb/v7e-m/nofp/libc.a(libc_a-lock.o)
                0x20000830                __lock___arc4random_mutex
 *fill*         0x20000831        0x3 
 .bss.__lock___dd_hash_mutex
                0x20000834        0x1 /usr/lib/gcc/arm-none-eabi/13.2.0/../../../../arm-none-eabi/lib/thumb/v7e-m/nofp/libc.a(libc_a-lock.o)
                0x20000834                __lock___dd_hash_mutex
 *fill*         0x20000835        0x3 
 .bss.__lock___tz_mutex
                0x20000838        0x1 /usr/lib/gcc/arm-none-eabi/13.2.0/../../../../arm-none-eabi/lib/thumb/v7e-m/nofp/libc.a(libc_a-lock.o)
                0x20000838                __lock___tz_mutex
 *fill*         0x20000839        0x3 
 .bss.__lock___env_recursive_mutex
                0x2000083c        0x1 /usr/lib/gcc/arm-none-eabi/13.2.0/../../../../arm-none-eabi/lib/thumb/v7e-m/nofp/libc.a(libc_a-lock.o)
                0x2000083c                __lock___env_recursive_mutex
 *fill*         0x2000083d        0x3 
 .bss.__lock___malloc_recursive_mutex
                0x20000840        0x1 /usr/lib/gcc/arm-none-eabi/13.2.0/../../../../arm-none-eabi/lib/thumb/v7e-m/nofp/libc.a(libc_a-lock.o)
                0x20000840                __lock___malloc_recursive_mutex
 *fill*         0x20000841        0x3 
 .bss.__lock___at_quick_exit_mutex
                0x20000844        0x1 /usr/lib/gcc/arm-none-eabi/13.2.0/../../../../arm-none-eabi/lib/thumb/v7e-m/nofp/libc.a(libc_a-lock.o)
                0x20000844                __lock___at_quick_exit_mutex
 *fill*         0x20000845        0x3 
 .bss.__lock___atexit_recursive_mutex
                0x20000848        0x1 /usr/lib/gcc/arm-none-eabi/13.2.0/../../../../arm-none-eabi/lib/thumb/v7e-m/nofp/libc.a(libc_a-lock.o)
                0x20000848                __lock___atexit_recursive_mutex
 *fill*         0x20000849        0x3 
 .bss.__lock___sfp_recursive_mutex
                0x2000084c        0x1 /usr/lib/gcc/arm-none-eabi/13.2.0/../../../../arm-none-eabi/lib/thumb/v7e-m/nofp/libc.a(libc_a-lock.o)
                0x2000084c                __lock___sfp_recursive_mutex
 *fill*         0x2000084d        0x3 
 .bss.__atexit0
                0x20000850      0x190 /usr/lib/gcc/arm-none-eabi/13.2.0/../../../../arm-none-eabi/lib/thumb/v7e-m/nofp/libc.a(libc_a-__atexit.o)
                0x20000850                __atexit0
 .bss.__atexit  0x200009e0        0x4 /usr/lib/gcc/arm-none-eabi/13.2.0/../../../../arm-none-eabi/lib/thumb/v7e-m/nofp/libc.a(libc_a-__call_atexit.o)
                0x200009e0                __atexit
 .bss.__malloc_current_mallinfo
                0x200009e4       0x28 /usr/lib/gcc/arm-none-eabi/13.2.0/../../../../arm-none-eabi/lib/thumb/v7e-m/nofp/libc.a(libc_a-mallocr.o)
                0x200009e4                __malloc_current_mallinfo
 .bss.__malloc_max_total_mem
                0x20000a0c        0x4 /usr/lib/gcc/arm-none-eabi/13.2.0/../../../../arm-none-eabi/lib/thumb/v7e-m/nofp/libc.a(libc_a-mallocr.o)
                0x20000a0c                __malloc_max_total_mem
 .bss.__malloc_max_sbrked_mem
                0x20000a10        0x4 /usr/lib/gcc/arm-none-eabi/13.2.0/../../../../arm-none-eabi/lib/thumb/v7e-m/nofp/libc.a(libc_a-mallocr.o)
                0x20000a10                __malloc_max_sbrked_mem
 .bss.__malloc_top_pad
                0x20000a14        0x4 /usr/lib/gcc/arm-none-eabi/13.2.0/../../../../arm-none-eabi/lib/thumb/v7e-m/nofp/libc.a(libc_a-mallocr.o)
                0x20000a14                __malloc_top_pad
 .bss.heap_end.0
                0x20000a18        0x4 /usr/lib/gcc/arm-none-eabi/13.2.0/../../../../arm-none-eabi/lib/thumb/v7e-m/nofp/librdimon.a(arm_librdimon_a-syscalls.o)
 .bss.monitor_stderr
                0x20000a1c        0x4 /usr/lib/gcc/arm-none-eabi/13.2.0/../../../../arm-none-eabi/lib/thumb/v7e-m/nofp/librdimon.a(arm_librdimon_a-syscalls.o)
 .bss.monitor_stdout
                0x20000a20        0x4 /usr/lib/gcc/arm-none-eabi/13.2.0/../../../../arm-none-eabi/lib/thumb/v7e-m/nofp/librdimon.a(arm_librdimon_a-syscalls.o)
 .bss.monitor_stdin
                0x20000a24        0x4 /usr/lib/gcc/arm-none-eabi/13.2.0/../../../../arm-none-eabi/lib/thumb/v7e-m/nofp/librdimon.a(arm_librdimon_a-syscalls.o)
 .bss.openfiles
                0x20000a28       0xa0 /usr/lib/gcc/arm-none-eabi/13.2.0/../../../../arm-none-eabi/lib/thumb/v7e-m/nofp/librdimon.a(arm_librdimon_a-syscalls.o)
                0x20000ac8                        . = ALIGN (0x4)
                0x20000ac8                        _ebss = .
                0x20000ac8                        __bss_end__ = _ebss
                0x20000ac8                        . = ALIGN (0x4)
                0x20000ac8                        end = .
                0x20000ac8                        __end__ = .
OUTPUT(final.elf elf32-littlearm)
LOAD linker stubs

.ARM.attributes
                0x00000000       0x2a
 .ARM.attributes
                0x00000000       0x1e /usr/lib/gcc/arm-none-eabi/13.2.0/thumb/v7e-m/nofp/crti.o
 .ARM.attributes
                0x0000001e       0x2e /usr/lib/gcc/arm-none-eabi/13.2.0/thumb/v7e-m/nofp/crtbegin.o
 .ARM.attributes
                0x0000004c       0x1c /usr/lib/gcc/arm-none-eabi/13.2.0/../../../../arm-none-eabi/lib/thumb/v7e-m/nofp/rdimon-crt0.o
 .ARM.attributes
                0x00000068       0x2e main.o
 .ARM.attributes
                0x00000096       0x2e led.o
 .ARM.attributes
                0x000000c4       0x2e stm32_startup.o
 .ARM.attributes
                0x000000f2       0x2e /usr/lib/gcc/arm-none-eabi/13.2.0/../../../../arm-none-eabi/lib/thumb/v7e-m/nofp/libc.a(libc_a-atexit.o)
 .ARM.attributes
                0x00000120       0x2e /usr/lib/gcc/arm-none-eabi/13.2.0/../../../../arm-none-eabi/lib/thumb/v7e-m/nofp/libc.a(libc_a-exit.o)
 .ARM.attributes
                0x0000014e       0x2e /usr/lib/gcc/arm-none-eabi/13.2.0/../../../../arm-none-eabi/lib/thumb/v7e-m/nofp/libc.a(libc_a-findfp.o)
 .ARM.attributes
                0x0000017c       0x2e /usr/lib/gcc/arm-none-eabi/13.2.0/../../../../arm-none-eabi/lib/thumb/v7e-m/nofp/libc.a(libc_a-fwalk.o)
 .ARM.attributes
                0x000001aa       0x2e /usr/lib/gcc/arm-none-eabi/13.2.0/../../../../arm-none-eabi/lib/thumb/v7e-m/nofp/libc.a(libc_a-puts.o)
 .ARM.attributes
                0x000001d8       0x2e /usr/lib/gcc/arm-none-eabi/13.2.0/../../../../arm-none-eabi/lib/thumb/v7e-m/nofp/libc.a(libc_a-stdio.o)
 .ARM.attributes
                0x00000206       0x2e /usr/lib/gcc/arm-none-eabi/13.2.0/../../../../arm-none-eabi/lib/thumb/v7e-m/nofp/libc.a(libc_a-memset.o)
 .ARM.attributes
                0x00000234       0x2e /usr/lib/gcc/arm-none-eabi/13.2.0/../../../../arm-none-eabi/lib/thumb/v7e-m/nofp/libc.a(libc_a-closer.o)
 .ARM.attributes
                0x00000262       0x2e /usr/lib/gcc/arm-none-eabi/13.2.0/../../../../arm-none-eabi/lib/thumb/v7e-m/nofp/libc.a(libc_a-reent.o)
 .ARM.attributes
                0x00000290       0x2e /usr/lib/gcc/arm-none-eabi/13.2.0/../../../../arm-none-eabi/lib/thumb/v7e-m/nofp/libc.a(libc_a-impure.o)
 .ARM.attributes
                0x000002be       0x2e /usr/lib/gcc/arm-none-eabi/13.2.0/../../../../arm-none-eabi/lib/thumb/v7e-m/nofp/libc.a(libc_a-lseekr.o)
 .ARM.attributes
                0x000002ec       0x2e /usr/lib/gcc/arm-none-eabi/13.2.0/../../../../arm-none-eabi/lib/thumb/v7e-m/nofp/libc.a(libc_a-readr.o)
 .ARM.attributes
                0x0000031a       0x2e /usr/lib/gcc/arm-none-eabi/13.2.0/../../../../arm-none-eabi/lib/thumb/v7e-m/nofp/libc.a(libc_a-writer.o)
 .ARM.attributes
                0x00000348       0x2e /usr/lib/gcc/arm-none-eabi/13.2.0/../../../../arm-none-eabi/lib/thumb/v7e-m/nofp/libc.a(libc_a-init.o)
 .ARM.attributes
                0x00000376       0x2e /usr/lib/gcc/arm-none-eabi/13.2.0/../../../../arm-none-eabi/lib/thumb/v7e-m/nofp/libc.a(libc_a-fini.o)
 .ARM.attributes
                0x000003a4       0x2e /usr/lib/gcc/arm-none-eabi/13.2.0/../../../../arm-none-eabi/lib/thumb/v7e-m/nofp/libc.a(libc_a-lock.o)
 .ARM.attributes
                0x000003d2       0x1c /usr/lib/gcc/arm-none-eabi/13.2.0/../../../../arm-none-eabi/lib/thumb/v7e-m/nofp/libc.a(libc_a-strlen.o)
 .ARM.attributes
                0x000003ee       0x2e /usr/lib/gcc/arm-none-eabi/13.2.0/../../../../arm-none-eabi/lib/thumb/v7e-m/nofp/libc.a(libc_a-__atexit.o)
 .ARM.attributes
                0x0000041c       0x2e /usr/lib/gcc/arm-none-eabi/13.2.0/../../../../arm-none-eabi/lib/thumb/v7e-m/nofp/libc.a(libc_a-__call_atexit.o)
 .ARM.attributes
                0x0000044a       0x2e /usr/lib/gcc/arm-none-eabi/13.2.0/../../../../arm-none-eabi/lib/thumb/v7e-m/nofp/libc.a(libc_a-freer.o)
 .ARM.attributes
                0x00000478       0x2e /usr/lib/gcc/arm-none-eabi/13.2.0/../../../../arm-none-eabi/lib/thumb/v7e-m/nofp/libc.a(libc_a-mallocr.o)
 .ARM.attributes
                0x000004a6       0x2e /usr/lib/gcc/arm-none-eabi/13.2.0/../../../../arm-none-eabi/lib/thumb/v7e-m/nofp/libc.a(libc_a-mlock.o)
 .ARM.attributes
                0x000004d4       0x2e /usr/lib/gcc/arm-none-eabi/13.2.0/../../../../arm-none-eabi/lib/thumb/v7e-m/nofp/libc.a(libc_a-fclose.o)
 .ARM.attributes
                0x00000502       0x2e /usr/lib/gcc/arm-none-eabi/13.2.0/../../../../arm-none-eabi/lib/thumb/v7e-m/nofp/libc.a(libc_a-fflush.o)
 .ARM.attributes
                0x00000530       0x2e /usr/lib/gcc/arm-none-eabi/13.2.0/../../../../arm-none-eabi/lib/thumb/v7e-m/nofp/libc.a(libc_a-fvwrite.o)
 .ARM.attributes
                0x0000055e       0x2e /usr/lib/gcc/arm-none-eabi/13.2.0/../../../../arm-none-eabi/lib/thumb/v7e-m/nofp/libc.a(libc_a-wsetup.o)
 .ARM.attributes
                0x0000058c       0x2e /usr/lib/gcc/arm-none-eabi/13.2.0/../../../../arm-none-eabi/lib/thumb/v7e-m/nofp/libc.a(libc_a-memmove.o)
 .ARM.attributes
                0x000005ba       0x2e /usr/lib/gcc/arm-none-eabi/13.2.0/../../../../arm-none-eabi/lib/thumb/v7e-m/nofp/libc.a(libc_a-sbrkr.o)
 .ARM.attributes
                0x000005e8       0x2e /usr/lib/gcc/arm-none-eabi/13.2.0/../../../../arm-none-eabi/lib/thumb/v7e-m/nofp/libc.a(libc_a-sysconf.o)
 .ARM.attributes
                0x00000616       0x1c /usr/lib/gcc/arm-none-eabi/13.2.0/../../../../arm-none-eabi/lib/thumb/v7e-m/nofp/libc.a(libc_a-memchr.o)
 .ARM.attributes
                0x00000632       0x1c /usr/lib/gcc/arm-none-eabi/13.2.0/../../../../arm-none-eabi/lib/thumb/v7e-m/nofp/libc.a(libc_a-memcpy.o)
 .ARM.attributes
                0x0000064e       0x2e /usr/lib/gcc/arm-none-eabi/13.2.0/../../../../arm-none-eabi/lib/thumb/v7e-m/nofp/libc.a(libc_a-reallocr.o)
 .ARM.attributes
                0x0000067c       0x2e /usr/lib/gcc/arm-none-eabi/13.2.0/../../../../arm-none-eabi/lib/thumb/v7e-m/nofp/libc.a(libc_a-makebuf.o)
 .ARM.attributes
                0x000006aa       0x2e /usr/lib/gcc/arm-none-eabi/13.2.0/../../../../arm-none-eabi/lib/thumb/v7e-m/nofp/libc.a(libc_a-fstatr.o)
 .ARM.attributes
                0x000006d8       0x2e /usr/lib/gcc/arm-none-eabi/13.2.0/../../../../arm-none-eabi/lib/thumb/v7e-m/nofp/libc.a(libc_a-isattyr.o)
 .ARM.attributes
                0x00000706       0x2e /usr/lib/gcc/arm-none-eabi/13.2.0/../../../../arm-none-eabi/lib/thumb/v7e-m/nofp/libc.a(libc_a-errno.o)
 .ARM.attributes
                0x00000734       0x2e /usr/lib/gcc/arm-none-eabi/13.2.0/../../../../arm-none-eabi/lib/thumb/v7e-m/nofp/librdimon.a(arm_librdimon_a-_exit.o)
 .ARM.attributes
                0x00000762       0x2e /usr/lib/gcc/arm-none-eabi/13.2.0/../../../../arm-none-eabi/lib/thumb/v7e-m/nofp/librdimon.a(arm_librdimon_a-_kill.o)
 .ARM.attributes
                0x00000790       0x2e /usr/lib/gcc/arm-none-eabi/13.2.0/../../../../arm-none-eabi/lib/thumb/v7e-m/nofp/librdimon.a(arm_librdimon_a-syscalls.o)
 .ARM.attributes
                0x000007be       0x2e /usr/lib/gcc/arm-none-eabi/13.2.0/thumb/v7e-m/nofp/crtend.o
 .ARM.attributes
                0x000007ec       0x1e /usr/lib/gcc/arm-none-eabi/13.2.0/thumb/v7e-m/nofp/crtn.o

.comment        0x00000000       0x46
 .comment       0x00000000       0x46 /usr/lib/gcc/arm-none-eabi/13.2.0/thumb/v7e-m/nofp/crtbegin.o
                                 0x24 (size before relaxing)
 .comment       0x00000046       0x24 main.o
 .comment       0x00000046       0x24 led.o
 .comment       0x00000046       0x24 stm32_startup.o
 .comment       0x00000046       0x24 /usr/lib/gcc/arm-none-eabi/13.2.0/../../../../arm-none-eabi/lib/thumb/v7e-m/nofp/libc.a(libc_a-atexit.o)
 .comment       0x00000046       0x24 /usr/lib/gcc/arm-none-eabi/13.2.0/../../../../arm-none-eabi/lib/thumb/v7e-m/nofp/libc.a(libc_a-exit.o)
 .comment       0x00000046       0x24 /usr/lib/gcc/arm-none-eabi/13.2.0/../../../../arm-none-eabi/lib/thumb/v7e-m/nofp/libc.a(libc_a-findfp.o)
 .comment       0x00000046       0x24 /usr/lib/gcc/arm-none-eabi/13.2.0/../../../../arm-none-eabi/lib/thumb/v7e-m/nofp/libc.a(libc_a-fwalk.o)
 .comment       0x00000046       0x24 /usr/lib/gcc/arm-none-eabi/13.2.0/../../../../arm-none-eabi/lib/thumb/v7e-m/nofp/libc.a(libc_a-puts.o)
 .comment       0x00000046       0x24 /usr/lib/gcc/arm-none-eabi/13.2.0/../../../../arm-none-eabi/lib/thumb/v7e-m/nofp/libc.a(libc_a-stdio.o)
 .comment       0x00000046       0x24 /usr/lib/gcc/arm-none-eabi/13.2.0/../../../../arm-none-eabi/lib/thumb/v7e-m/nofp/libc.a(libc_a-memset.o)
 .comment       0x00000046       0x24 /usr/lib/gcc/arm-none-eabi/13.2.0/../../../../arm-none-eabi/lib/thumb/v7e-m/nofp/libc.a(libc_a-closer.o)
 .comment       0x00000046       0x24 /usr/lib/gcc/arm-none-eabi/13.2.0/../../../../arm-none-eabi/lib/thumb/v7e-m/nofp/libc.a(libc_a-reent.o)
 .comment       0x00000046       0x24 /usr/lib/gcc/arm-none-eabi/13.2.0/../../../../arm-none-eabi/lib/thumb/v7e-m/nofp/libc.a(libc_a-impure.o)
 .comment       0x00000046       0x24 /usr/lib/gcc/arm-none-eabi/13.2.0/../../../../arm-none-eabi/lib/thumb/v7e-m/nofp/libc.a(libc_a-lseekr.o)
 .comment       0x00000046       0x24 /usr/lib/gcc/arm-none-eabi/13.2.0/../../../../arm-none-eabi/lib/thumb/v7e-m/nofp/libc.a(libc_a-readr.o)
 .comment       0x00000046       0x24 /usr/lib/gcc/arm-none-eabi/13.2.0/../../../../arm-none-eabi/lib/thumb/v7e-m/nofp/libc.a(libc_a-writer.o)
 .comment       0x00000046       0x24 /usr/lib/gcc/arm-none-eabi/13.2.0/../../../../arm-none-eabi/lib/thumb/v7e-m/nofp/libc.a(libc_a-init.o)
 .comment       0x00000046       0x24 /usr/lib/gcc/arm-none-eabi/13.2.0/../../../../arm-none-eabi/lib/thumb/v7e-m/nofp/libc.a(libc_a-fini.o)
 .comment       0x00000046       0x24 /usr/lib/gcc/arm-none-eabi/13.2.0/../../../../arm-none-eabi/lib/thumb/v7e-m/nofp/libc.a(libc_a-lock.o)
 .comment       0x00000046       0x24 /usr/lib/gcc/arm-none-eabi/13.2.0/../../../../arm-none-eabi/lib/thumb/v7e-m/nofp/libc.a(libc_a-__atexit.o)
 .comment       0x00000046       0x24 /usr/lib/gcc/arm-none-eabi/13.2.0/../../../../arm-none-eabi/lib/thumb/v7e-m/nofp/libc.a(libc_a-__call_atexit.o)
 .comment       0x00000046       0x24 /usr/lib/gcc/arm-none-eabi/13.2.0/../../../../arm-none-eabi/lib/thumb/v7e-m/nofp/libc.a(libc_a-freer.o)
 .comment       0x00000046       0x24 /usr/lib/gcc/arm-none-eabi/13.2.0/../../../../arm-none-eabi/lib/thumb/v7e-m/nofp/libc.a(libc_a-mallocr.o)
 .comment       0x00000046       0x24 /usr/lib/gcc/arm-none-eabi/13.2.0/../../../../arm-none-eabi/lib/thumb/v7e-m/nofp/libc.a(libc_a-mlock.o)
 .comment       0x00000046       0x24 /usr/lib/gcc/arm-none-eabi/13.2.0/../../../../arm-none-eabi/lib/thumb/v7e-m/nofp/libc.a(libc_a-fclose.o)
 .comment       0x00000046       0x24 /usr/lib/gcc/arm-none-eabi/13.2.0/../../../../arm-none-eabi/lib/thumb/v7e-m/nofp/libc.a(libc_a-fflush.o)
 .comment       0x00000046       0x24 /usr/lib/gcc/arm-none-eabi/13.2.0/../../../../arm-none-eabi/lib/thumb/v7e-m/nofp/libc.a(libc_a-fvwrite.o)
 .comment       0x00000046       0x24 /usr/lib/gcc/arm-none-eabi/13.2.0/../../../../arm-none-eabi/lib/thumb/v7e-m/nofp/libc.a(libc_a-wsetup.o)
 .comment       0x00000046       0x24 /usr/lib/gcc/arm-none-eabi/13.2.0/../../../../arm-none-eabi/lib/thumb/v7e-m/nofp/libc.a(libc_a-memmove.o)
 .comment       0x00000046       0x24 /usr/lib/gcc/arm-none-eabi/13.2.0/../../../../arm-none-eabi/lib/thumb/v7e-m/nofp/libc.a(libc_a-sbrkr.o)
 .comment       0x00000046       0x24 /usr/lib/gcc/arm-none-eabi/13.2.0/../../../../arm-none-eabi/lib/thumb/v7e-m/nofp/libc.a(libc_a-sysconf.o)
 .comment       0x00000046       0x24 /usr/lib/gcc/arm-none-eabi/13.2.0/../../../../arm-none-eabi/lib/thumb/v7e-m/nofp/libc.a(libc_a-reallocr.o)
 .comment       0x00000046       0x24 /usr/lib/gcc/arm-none-eabi/13.2.0/../../../../arm-none-eabi/lib/thumb/v7e-m/nofp/libc.a(libc_a-makebuf.o)
 .comment       0x00000046       0x24 /usr/lib/gcc/arm-none-eabi/13.2.0/../../../../arm-none-eabi/lib/thumb/v7e-m/nofp/libc.a(libc_a-fstatr.o)
 .comment       0x00000046       0x24 /usr/lib/gcc/arm-none-eabi/13.2.0/../../../../arm-none-eabi/lib/thumb/v7e-m/nofp/libc.a(libc_a-isattyr.o)
 .comment       0x00000046       0x24 /usr/lib/gcc/arm-none-eabi/13.2.0/../../../../arm-none-eabi/lib/thumb/v7e-m/nofp/libc.a(libc_a-errno.o)
 .comment       0x00000046       0x24 /usr/lib/gcc/arm-none-eabi/13.2.0/../../../../arm-none-eabi/lib/thumb/v7e-m/nofp/librdimon.a(arm_librdimon_a-_exit.o)
 .comment       0x00000046       0x24 /usr/lib/gcc/arm-none-eabi/13.2.0/../../../../arm-none-eabi/lib/thumb/v7e-m/nofp/librdimon.a(arm_librdimon_a-_kill.o)
 .comment       0x00000046       0x24 /usr/lib/gcc/arm-none-eabi/13.2.0/../../../../arm-none-eabi/lib/thumb/v7e-m/nofp/librdimon.a(arm_librdimon_a-syscalls.o)
 .comment       0x00000046       0x24 /usr/lib/gcc/arm-none-eabi/13.2.0/thumb/v7e-m/nofp/crtend.o

.debug_line     0x00000000     0x714e
 .debug_line    0x00000000       0xbe /usr/lib/gcc/arm-none-eabi/13.2.0/../../../../arm-none-eabi/lib/thumb/v7e-m/nofp/rdimon-crt0.o
 .debug_line    0x000000be       0xc4 /usr/lib/gcc/arm-none-eabi/13.2.0/../../../../arm-none-eabi/lib/thumb/v7e-m/nofp/libc.a(libc_a-atexit.o)
 .debug_line    0x00000182      0x13b /usr/lib/gcc/arm-none-eabi/13.2.0/../../../../arm-none-eabi/lib/thumb/v7e-m/nofp/libc.a(libc_a-exit.o)
 .debug_line    0x000002bd      0x6a2 /usr/lib/gcc/arm-none-eabi/13.2.0/../../../../arm-none-eabi/lib/thumb/v7e-m/nofp/libc.a(libc_a-findfp.o)
 .debug_line    0x0000095f      0x1d3 /usr/lib/gcc/arm-none-eabi/13.2.0/../../../../arm-none-eabi/lib/thumb/v7e-m/nofp/libc.a(libc_a-fwalk.o)
 .debug_line    0x00000b32      0x286 /usr/lib/gcc/arm-none-eabi/13.2.0/../../../../arm-none-eabi/lib/thumb/v7e-m/nofp/libc.a(libc_a-puts.o)
 .debug_line    0x00000db8      0x257 /usr/lib/gcc/arm-none-eabi/13.2.0/../../../../arm-none-eabi/lib/thumb/v7e-m/nofp/libc.a(libc_a-stdio.o)
 .debug_line    0x0000100f      0x1b7 /usr/lib/gcc/arm-none-eabi/13.2.0/../../../../arm-none-eabi/lib/thumb/v7e-m/nofp/libc.a(libc_a-memset.o)
 .debug_line    0x000011c6      0x195 /usr/lib/gcc/arm-none-eabi/13.2.0/../../../../arm-none-eabi/lib/thumb/v7e-m/nofp/libc.a(libc_a-closer.o)
 .debug_line    0x0000135b      0x1f2 /usr/lib/gcc/arm-none-eabi/13.2.0/../../../../arm-none-eabi/lib/thumb/v7e-m/nofp/libc.a(libc_a-reent.o)
 .debug_line    0x0000154d       0xe8 /usr/lib/gcc/arm-none-eabi/13.2.0/../../../../arm-none-eabi/lib/thumb/v7e-m/nofp/libc.a(libc_a-impure.o)
 .debug_line    0x00001635      0x19b /usr/lib/gcc/arm-none-eabi/13.2.0/../../../../arm-none-eabi/lib/thumb/v7e-m/nofp/libc.a(libc_a-lseekr.o)
 .debug_line    0x000017d0      0x19a /usr/lib/gcc/arm-none-eabi/13.2.0/../../../../arm-none-eabi/lib/thumb/v7e-m/nofp/libc.a(libc_a-readr.o)
 .debug_line    0x0000196a      0x19b /usr/lib/gcc/arm-none-eabi/13.2.0/../../../../arm-none-eabi/lib/thumb/v7e-m/nofp/libc.a(libc_a-writer.o)
 .debug_line    0x00001b05      0x11e /usr/lib/gcc/arm-none-eabi/13.2.0/../../../../arm-none-eabi/lib/thumb/v7e-m/nofp/libc.a(libc_a-init.o)
 .debug_line    0x00001c23       0xd2 /usr/lib/gcc/arm-none-eabi/13.2.0/../../../../arm-none-eabi/lib/thumb/v7e-m/nofp/libc.a(libc_a-fini.o)
 .debug_line    0x00001cf5      0x15d /usr/lib/gcc/arm-none-eabi/13.2.0/../../../../arm-none-eabi/lib/thumb/v7e-m/nofp/libc.a(libc_a-lock.o)
 .debug_line    0x00001e52       0x86 /usr/lib/gcc/arm-none-eabi/13.2.0/../../../../arm-none-eabi/lib/thumb/v7e-m/nofp/libc.a(libc_a-strlen.o)
 .debug_line    0x00001ed8      0x176 /usr/lib/gcc/arm-none-eabi/13.2.0/../../../../arm-none-eabi/lib/thumb/v7e-m/nofp/libc.a(libc_a-__atexit.o)
 .debug_line    0x0000204e      0x289 /usr/lib/gcc/arm-none-eabi/13.2.0/../../../../arm-none-eabi/lib/thumb/v7e-m/nofp/libc.a(libc_a-__call_atexit.o)
 .debug_line    0x000022d7      0x54d /usr/lib/gcc/arm-none-eabi/13.2.0/../../../../arm-none-eabi/lib/thumb/v7e-m/nofp/libc.a(libc_a-freer.o)
 .debug_line    0x00002824      0x8f7 /usr/lib/gcc/arm-none-eabi/13.2.0/../../../../arm-none-eabi/lib/thumb/v7e-m/nofp/libc.a(libc_a-mallocr.o)
 .debug_line    0x0000311b      0x160 /usr/lib/gcc/arm-none-eabi/13.2.0/../../../../arm-none-eabi/lib/thumb/v7e-m/nofp/libc.a(libc_a-mlock.o)
 .debug_line    0x0000327b      0x297 /usr/lib/gcc/arm-none-eabi/13.2.0/../../../../arm-none-eabi/lib/thumb/v7e-m/nofp/libc.a(libc_a-fclose.o)
 .debug_line    0x00003512      0x4b9 /usr/lib/gcc/arm-none-eabi/13.2.0/../../../../arm-none-eabi/lib/thumb/v7e-m/nofp/libc.a(libc_a-fflush.o)
 .debug_line    0x000039cb      0x5eb /usr/lib/gcc/arm-none-eabi/13.2.0/../../../../arm-none-eabi/lib/thumb/v7e-m/nofp/libc.a(libc_a-fvwrite.o)
 .debug_line    0x00003fb6      0x2b2 /usr/lib/gcc/arm-none-eabi/13.2.0/../../../../arm-none-eabi/lib/thumb/v7e-m/nofp/libc.a(libc_a-wsetup.o)
 .debug_line    0x00004268      0x1f2 /usr/lib/gcc/arm-none-eabi/13.2.0/../../../../arm-none-eabi/lib/thumb/v7e-m/nofp/libc.a(libc_a-memmove.o)
 .debug_line    0x0000445a      0x195 /usr/lib/gcc/arm-none-eabi/13.2.0/../../../../arm-none-eabi/lib/thumb/v7e-m/nofp/libc.a(libc_a-sbrkr.o)
 .debug_line    0x000045ef       0xe7 /usr/lib/gcc/arm-none-eabi/13.2.0/../../../../arm-none-eabi/lib/thumb/v7e-m/nofp/libc.a(libc_a-sysconf.o)
 .debug_line    0x000046d6       0x84 /usr/lib/gcc/arm-none-eabi/13.2.0/../../../../arm-none-eabi/lib/thumb/v7e-m/nofp/libc.a(libc_a-memchr.o)
 .debug_line    0x0000475a       0xb9 /usr/lib/gcc/arm-none-eabi/13.2.0/../../../../arm-none-eabi/lib/thumb/v7e-m/nofp/libc.a(libc_a-memcpy.o)
 .debug_line    0x00004813      0x699 /usr/lib/gcc/arm-none-eabi/13.2.0/../../../../arm-none-eabi/lib/thumb/v7e-m/nofp/libc.a(libc_a-reallocr.o)
 .debug_line    0x00004eac      0x3c5 /usr/lib/gcc/arm-none-eabi/13.2.0/../../../../arm-none-eabi/lib/thumb/v7e-m/nofp/libc.a(libc_a-makebuf.o)
 .debug_line    0x00005271      0x21f /usr/lib/gcc/arm-none-eabi/13.2.0/../../../../arm-none-eabi/lib/thumb/v7e-m/nofp/libc.a(libc_a-fstatr.o)
 .debug_line    0x00005490      0x196 /usr/lib/gcc/arm-none-eabi/13.2.0/../../../../arm-none-eabi/lib/thumb/v7e-m/nofp/libc.a(libc_a-isattyr.o)
 .debug_line    0x00005626      0x10d /usr/lib/gcc/arm-none-eabi/13.2.0/../../../../arm-none-eabi/lib/thumb/v7e-m/nofp/libc.a(libc_a-errno.o)
 .debug_line    0x00005733       0x64 /usr/lib/gcc/arm-none-eabi/13.2.0/../../../../arm-none-eabi/lib/thumb/v7e-m/nofp/librdimon.a(arm_librdimon_a-_exit.o)
 .debug_line    0x00005797       0xe9 /usr/lib/gcc/arm-none-eabi/13.2.0/../../../../arm-none-eabi/lib/thumb/v7e-m/nofp/librdimon.a(arm_librdimon_a-_kill.o)
 .debug_line    0x00005880     0x18ce /usr/lib/gcc/arm-none-eabi/13.2.0/../../../../arm-none-eabi/lib/thumb/v7e-m/nofp/librdimon.a(arm_librdimon_a-syscalls.o)

.debug_line_str
                0x00000000      0x138
 .debug_line_str
                0x00000000      0x138 /usr/lib/gcc/arm-none-eabi/13.2.0/../../../../arm-none-eabi/lib/thumb/v7e-m/nofp/rdimon-crt0.o
                                 0x87 (size before relaxing)
 .debug_line_str
                0x00000138       0x98 /usr/lib/gcc/arm-none-eabi/13.2.0/../../../../arm-none-eabi/lib/thumb/v7e-m/nofp/libc.a(libc_a-strlen.o)
 .debug_line_str
                0x00000138       0x92 /usr/lib/gcc/arm-none-eabi/13.2.0/../../../../arm-none-eabi/lib/thumb/v7e-m/nofp/libc.a(libc_a-memchr.o)
 .debug_line_str
                0x00000138       0x99 /usr/lib/gcc/arm-none-eabi/13.2.0/../../../../arm-none-eabi/lib/thumb/v7e-m/nofp/libc.a(libc_a-memcpy.o)

.debug_info     0x00000000    0x118e9
 .debug_info    0x00000000       0x25 /usr/lib/gcc/arm-none-eabi/13.2.0/../../../../arm-none-eabi/lib/thumb/v7e-m/nofp/rdimon-crt0.o
 .debug_info    0x00000025      0x11e /usr/lib/gcc/arm-none-eabi/13.2.0/../../../../arm-none-eabi/lib/thumb/v7e-m/nofp/libc.a(libc_a-atexit.o)
 .debug_info    0x00000143      0x10a /usr/lib/gcc/arm-none-eabi/13.2.0/../../../../arm-none-eabi/lib/thumb/v7e-m/nofp/libc.a(libc_a-exit.o)
 .debug_info    0x0000024d     0x10e0 /usr/lib/gcc/arm-none-eabi/13.2.0/../../../../arm-none-eabi/lib/thumb/v7e-m/nofp/libc.a(libc_a-findfp.o)
 .debug_info    0x0000132d      0x7ee /usr/lib/gcc/arm-none-eabi/13.2.0/../../../../arm-none-eabi/lib/thumb/v7e-m/nofp/libc.a(libc_a-fwalk.o)
 .debug_info    0x00001b1b      0x948 /usr/lib/gcc/arm-none-eabi/13.2.0/../../../../arm-none-eabi/lib/thumb/v7e-m/nofp/libc.a(libc_a-puts.o)
 .debug_info    0x00002463      0xaa8 /usr/lib/gcc/arm-none-eabi/13.2.0/../../../../arm-none-eabi/lib/thumb/v7e-m/nofp/libc.a(libc_a-stdio.o)
 .debug_info    0x00002f0b      0x135 /usr/lib/gcc/arm-none-eabi/13.2.0/../../../../arm-none-eabi/lib/thumb/v7e-m/nofp/libc.a(libc_a-memset.o)
 .debug_info    0x00003040      0x77a /usr/lib/gcc/arm-none-eabi/13.2.0/../../../../arm-none-eabi/lib/thumb/v7e-m/nofp/libc.a(libc_a-closer.o)
 .debug_info    0x000037ba      0x83b /usr/lib/gcc/arm-none-eabi/13.2.0/../../../../arm-none-eabi/lib/thumb/v7e-m/nofp/libc.a(libc_a-reent.o)
 .debug_info    0x00003ff5      0x733 /usr/lib/gcc/arm-none-eabi/13.2.0/../../../../arm-none-eabi/lib/thumb/v7e-m/nofp/libc.a(libc_a-impure.o)
 .debug_info    0x00004728      0x7c6 /usr/lib/gcc/arm-none-eabi/13.2.0/../../../../arm-none-eabi/lib/thumb/v7e-m/nofp/libc.a(libc_a-lseekr.o)
 .debug_info    0x00004eee      0x7dd /usr/lib/gcc/arm-none-eabi/13.2.0/../../../../arm-none-eabi/lib/thumb/v7e-m/nofp/libc.a(libc_a-readr.o)
 .debug_info    0x000056cb      0x7e3 /usr/lib/gcc/arm-none-eabi/13.2.0/../../../../arm-none-eabi/lib/thumb/v7e-m/nofp/libc.a(libc_a-writer.o)
 .debug_info    0x00005eae      0x10b /usr/lib/gcc/arm-none-eabi/13.2.0/../../../../arm-none-eabi/lib/thumb/v7e-m/nofp/libc.a(libc_a-init.o)
 .debug_info    0x00005fb9       0xf7 /usr/lib/gcc/arm-none-eabi/13.2.0/../../../../arm-none-eabi/lib/thumb/v7e-m/nofp/libc.a(libc_a-fini.o)
 .debug_info    0x000060b0      0x218 /usr/lib/gcc/arm-none-eabi/13.2.0/../../../../arm-none-eabi/lib/thumb/v7e-m/nofp/libc.a(libc_a-lock.o)
 .debug_info    0x000062c8       0x33 /usr/lib/gcc/arm-none-eabi/13.2.0/../../../../arm-none-eabi/lib/thumb/v7e-m/nofp/libc.a(libc_a-strlen.o)
 .debug_info    0x000062fb      0x25f /usr/lib/gcc/arm-none-eabi/13.2.0/../../../../arm-none-eabi/lib/thumb/v7e-m/nofp/libc.a(libc_a-__atexit.o)
 .debug_info    0x0000655a      0x2dd /usr/lib/gcc/arm-none-eabi/13.2.0/../../../../arm-none-eabi/lib/thumb/v7e-m/nofp/libc.a(libc_a-__call_atexit.o)
 .debug_info    0x00006837      0xb5f /usr/lib/gcc/arm-none-eabi/13.2.0/../../../../arm-none-eabi/lib/thumb/v7e-m/nofp/libc.a(libc_a-freer.o)
 .debug_info    0x00007396      0xce1 /usr/lib/gcc/arm-none-eabi/13.2.0/../../../../arm-none-eabi/lib/thumb/v7e-m/nofp/libc.a(libc_a-mallocr.o)
 .debug_info    0x00008077      0x789 /usr/lib/gcc/arm-none-eabi/13.2.0/../../../../arm-none-eabi/lib/thumb/v7e-m/nofp/libc.a(libc_a-mlock.o)
 .debug_info    0x00008800      0x8eb /usr/lib/gcc/arm-none-eabi/13.2.0/../../../../arm-none-eabi/lib/thumb/v7e-m/nofp/libc.a(libc_a-fclose.o)
 .debug_info    0x000090eb      0xab4 /usr/lib/gcc/arm-none-eabi/13.2.0/../../../../arm-none-eabi/lib/thumb/v7e-m/nofp/libc.a(libc_a-fflush.o)
 .debug_info    0x00009b9f      0xb16 /usr/lib/gcc/arm-none-eabi/13.2.0/../../../../arm-none-eabi/lib/thumb/v7e-m/nofp/libc.a(libc_a-fvwrite.o)
 .debug_info    0x0000a6b5      0x7d9 /usr/lib/gcc/arm-none-eabi/13.2.0/../../../../arm-none-eabi/lib/thumb/v7e-m/nofp/libc.a(libc_a-wsetup.o)
 .debug_info    0x0000ae8e      0x148 /usr/lib/gcc/arm-none-eabi/13.2.0/../../../../arm-none-eabi/lib/thumb/v7e-m/nofp/libc.a(libc_a-memmove.o)
 .debug_info    0x0000afd6      0x7a0 /usr/lib/gcc/arm-none-eabi/13.2.0/../../../../arm-none-eabi/lib/thumb/v7e-m/nofp/libc.a(libc_a-sbrkr.o)
 .debug_info    0x0000b776       0xc1 /usr/lib/gcc/arm-none-eabi/13.2.0/../../../../arm-none-eabi/lib/thumb/v7e-m/nofp/libc.a(libc_a-sysconf.o)
 .debug_info    0x0000b837       0x25 /usr/lib/gcc/arm-none-eabi/13.2.0/../../../../arm-none-eabi/lib/thumb/v7e-m/nofp/libc.a(libc_a-memchr.o)
 .debug_info    0x0000b85c       0x33 /usr/lib/gcc/arm-none-eabi/13.2.0/../../../../arm-none-eabi/lib/thumb/v7e-m/nofp/libc.a(libc_a-memcpy.o)
 .debug_info    0x0000b88f      0xbd3 /usr/lib/gcc/arm-none-eabi/13.2.0/../../../../arm-none-eabi/lib/thumb/v7e-m/nofp/libc.a(libc_a-reallocr.o)
 .debug_info    0x0000c462      0xc12 /usr/lib/gcc/arm-none-eabi/13.2.0/../../../../arm-none-eabi/lib/thumb/v7e-m/nofp/libc.a(libc_a-makebuf.o)
 .debug_info    0x0000d074      0x99f /usr/lib/gcc/arm-none-eabi/13.2.0/../../../../arm-none-eabi/lib/thumb/v7e-m/nofp/libc.a(libc_a-fstatr.o)
 .debug_info    0x0000da13      0x77a /usr/lib/gcc/arm-none-eabi/13.2.0/../../../../arm-none-eabi/lib/thumb/v7e-m/nofp/libc.a(libc_a-isattyr.o)
 .debug_info    0x0000e18d      0x719 /usr/lib/gcc/arm-none-eabi/13.2.0/../../../../arm-none-eabi/lib/thumb/v7e-m/nofp/libc.a(libc_a-errno.o)
 .debug_info    0x0000e8a6       0xa7 /usr/lib/gcc/arm-none-eabi/13.2.0/../../../../arm-none-eabi/lib/thumb/v7e-m/nofp/librdimon.a(arm_librdimon_a-_exit.o)
 .debug_info    0x0000e94d      0x248 /usr/lib/gcc/arm-none-eabi/13.2.0/../../../../arm-none-eabi/lib/thumb/v7e-m/nofp/librdimon.a(arm_librdimon_a-_kill.o)
 .debug_info    0x0000eb95     0x2d54 /usr/lib/gcc/arm-none-eabi/13.2.0/../../../../arm-none-eabi/lib/thumb/v7e-m/nofp/librdimon.a(arm_librdimon_a-syscalls.o)

.debug_abbrev   0x00000000     0x46e5
 .debug_abbrev  0x00000000       0x14 /usr/lib/gcc/arm-none-eabi/13.2.0/../../../../arm-none-eabi/lib/thumb/v7e-m/nofp/rdimon-crt0.o
 .debug_abbrev  0x00000014       0xc1 /usr/lib/gcc/arm-none-eabi/13.2.0/../../../../arm-none-eabi/lib/thumb/v7e-m/nofp/libc.a(libc_a-atexit.o)
 .debug_abbrev  0x000000d5       0xd5 /usr/lib/gcc/arm-none-eabi/13.2.0/../../../../arm-none-eabi/lib/thumb/v7e-m/nofp/libc.a(libc_a-exit.o)
 .debug_abbrev  0x000001aa      0x484 /usr/lib/gcc/arm-none-eabi/13.2.0/../../../../arm-none-eabi/lib/thumb/v7e-m/nofp/libc.a(libc_a-findfp.o)
 .debug_abbrev  0x0000062e      0x1d9 /usr/lib/gcc/arm-none-eabi/13.2.0/../../../../arm-none-eabi/lib/thumb/v7e-m/nofp/libc.a(libc_a-fwalk.o)
 .debug_abbrev  0x00000807      0x27d /usr/lib/gcc/arm-none-eabi/13.2.0/../../../../arm-none-eabi/lib/thumb/v7e-m/nofp/libc.a(libc_a-puts.o)
 .debug_abbrev  0x00000a84      0x260 /usr/lib/gcc/arm-none-eabi/13.2.0/../../../../arm-none-eabi/lib/thumb/v7e-m/nofp/libc.a(libc_a-stdio.o)
 .debug_abbrev  0x00000ce4       0xb7 /usr/lib/gcc/arm-none-eabi/13.2.0/../../../../arm-none-eabi/lib/thumb/v7e-m/nofp/libc.a(libc_a-memset.o)
 .debug_abbrev  0x00000d9b      0x1ec /usr/lib/gcc/arm-none-eabi/13.2.0/../../../../arm-none-eabi/lib/thumb/v7e-m/nofp/libc.a(libc_a-closer.o)
 .debug_abbrev  0x00000f87      0x22a /usr/lib/gcc/arm-none-eabi/13.2.0/../../../../arm-none-eabi/lib/thumb/v7e-m/nofp/libc.a(libc_a-reent.o)
 .debug_abbrev  0x000011b1      0x185 /usr/lib/gcc/arm-none-eabi/13.2.0/../../../../arm-none-eabi/lib/thumb/v7e-m/nofp/libc.a(libc_a-impure.o)
 .debug_abbrev  0x00001336      0x200 /usr/lib/gcc/arm-none-eabi/13.2.0/../../../../arm-none-eabi/lib/thumb/v7e-m/nofp/libc.a(libc_a-lseekr.o)
 .debug_abbrev  0x00001536      0x1ec /usr/lib/gcc/arm-none-eabi/13.2.0/../../../../arm-none-eabi/lib/thumb/v7e-m/nofp/libc.a(libc_a-readr.o)
 .debug_abbrev  0x00001722      0x1f1 /usr/lib/gcc/arm-none-eabi/13.2.0/../../../../arm-none-eabi/lib/thumb/v7e-m/nofp/libc.a(libc_a-writer.o)
 .debug_abbrev  0x00001913       0xc9 /usr/lib/gcc/arm-none-eabi/13.2.0/../../../../arm-none-eabi/lib/thumb/v7e-m/nofp/libc.a(libc_a-init.o)
 .debug_abbrev  0x000019dc       0xcc /usr/lib/gcc/arm-none-eabi/13.2.0/../../../../arm-none-eabi/lib/thumb/v7e-m/nofp/libc.a(libc_a-fini.o)
 .debug_abbrev  0x00001aa8      0x115 /usr/lib/gcc/arm-none-eabi/13.2.0/../../../../arm-none-eabi/lib/thumb/v7e-m/nofp/libc.a(libc_a-lock.o)
 .debug_abbrev  0x00001bbd       0x28 /usr/lib/gcc/arm-none-eabi/13.2.0/../../../../arm-none-eabi/lib/thumb/v7e-m/nofp/libc.a(libc_a-strlen.o)
 .debug_abbrev  0x00001be5      0x189 /usr/lib/gcc/arm-none-eabi/13.2.0/../../../../arm-none-eabi/lib/thumb/v7e-m/nofp/libc.a(libc_a-__atexit.o)
 .debug_abbrev  0x00001d6e      0x20c /usr/lib/gcc/arm-none-eabi/13.2.0/../../../../arm-none-eabi/lib/thumb/v7e-m/nofp/libc.a(libc_a-__call_atexit.o)
 .debug_abbrev  0x00001f7a      0x27f /usr/lib/gcc/arm-none-eabi/13.2.0/../../../../arm-none-eabi/lib/thumb/v7e-m/nofp/libc.a(libc_a-freer.o)
 .debug_abbrev  0x000021f9      0x2d7 /usr/lib/gcc/arm-none-eabi/13.2.0/../../../../arm-none-eabi/lib/thumb/v7e-m/nofp/libc.a(libc_a-mallocr.o)
 .debug_abbrev  0x000024d0      0x1fb /usr/lib/gcc/arm-none-eabi/13.2.0/../../../../arm-none-eabi/lib/thumb/v7e-m/nofp/libc.a(libc_a-mlock.o)
 .debug_abbrev  0x000026cb      0x2a2 /usr/lib/gcc/arm-none-eabi/13.2.0/../../../../arm-none-eabi/lib/thumb/v7e-m/nofp/libc.a(libc_a-fclose.o)
 .debug_abbrev  0x0000296d      0x323 /usr/lib/gcc/arm-none-eabi/13.2.0/../../../../arm-none-eabi/lib/thumb/v7e-m/nofp/libc.a(libc_a-fflush.o)
 .debug_abbrev  0x00002c90      0x260 /usr/lib/gcc/arm-none-eabi/13.2.0/../../../../arm-none-eabi/lib/thumb/v7e-m/nofp/libc.a(libc_a-fvwrite.o)
 .debug_abbrev  0x00002ef0      0x21e /usr/lib/gcc/arm-none-eabi/13.2.0/../../../../arm-none-eabi/lib/thumb/v7e-m/nofp/libc.a(libc_a-wsetup.o)
 .debug_abbrev  0x0000310e       0xc3 /usr/lib/gcc/arm-none-eabi/13.2.0/../../../../arm-none-eabi/lib/thumb/v7e-m/nofp/libc.a(libc_a-memmove.o)
 .debug_abbrev  0x000031d1      0x216 /usr/lib/gcc/arm-none-eabi/13.2.0/../../../../arm-none-eabi/lib/thumb/v7e-m/nofp/libc.a(libc_a-sbrkr.o)
 .debug_abbrev  0x000033e7       0x80 /usr/lib/gcc/arm-none-eabi/13.2.0/../../../../arm-none-eabi/lib/thumb/v7e-m/nofp/libc.a(libc_a-sysconf.o)
 .debug_abbrev  0x00003467       0x14 /usr/lib/gcc/arm-none-eabi/13.2.0/../../../../arm-none-eabi/lib/thumb/v7e-m/nofp/libc.a(libc_a-memchr.o)
 .debug_abbrev  0x0000347b       0x28 /usr/lib/gcc/arm-none-eabi/13.2.0/../../../../arm-none-eabi/lib/thumb/v7e-m/nofp/libc.a(libc_a-memcpy.o)
 .debug_abbrev  0x000034a3      0x2a3 /usr/lib/gcc/arm-none-eabi/13.2.0/../../../../arm-none-eabi/lib/thumb/v7e-m/nofp/libc.a(libc_a-reallocr.o)
 .debug_abbrev  0x00003746      0x2c1 /usr/lib/gcc/arm-none-eabi/13.2.0/../../../../arm-none-eabi/lib/thumb/v7e-m/nofp/libc.a(libc_a-makebuf.o)
 .debug_abbrev  0x00003a07      0x1ff /usr/lib/gcc/arm-none-eabi/13.2.0/../../../../arm-none-eabi/lib/thumb/v7e-m/nofp/libc.a(libc_a-fstatr.o)
 .debug_abbrev  0x00003c06      0x1ec /usr/lib/gcc/arm-none-eabi/13.2.0/../../../../arm-none-eabi/lib/thumb/v7e-m/nofp/libc.a(libc_a-isattyr.o)
 .debug_abbrev  0x00003df2      0x19a /usr/lib/gcc/arm-none-eabi/13.2.0/../../../../arm-none-eabi/lib/thumb/v7e-m/nofp/libc.a(libc_a-errno.o)
 .debug_abbrev  0x00003f8c       0x8e /usr/lib/gcc/arm-none-eabi/13.2.0/../../../../arm-none-eabi/lib/thumb/v7e-m/nofp/librdimon.a(arm_librdimon_a-_exit.o)
 .debug_abbrev  0x0000401a      0x176 /usr/lib/gcc/arm-none-eabi/13.2.0/../../../../arm-none-eabi/lib/thumb/v7e-m/nofp/librdimon.a(arm_librdimon_a-_kill.o)
 .debug_abbrev  0x00004190      0x555 /usr/lib/gcc/arm-none-eabi/13.2.0/../../../../arm-none-eabi/lib/thumb/v7e-m/nofp/librdimon.a(arm_librdimon_a-syscalls.o)

.debug_aranges  0x00000000      0x6c8
 .debug_aranges
                0x00000000       0x20 /usr/lib/gcc/arm-none-eabi/13.2.0/../../../../arm-none-eabi/lib/thumb/v7e-m/nofp/rdimon-crt0.o
 .debug_aranges
                0x00000020       0x20 /usr/lib/gcc/arm-none-eabi/13.2.0/../../../../arm-none-eabi/lib/thumb/v7e-m/nofp/libc.a(libc_a-atexit.o)
 .debug_aranges
                0x00000040       0x20 /usr/lib/gcc/arm-none-eabi/13.2.0/../../../../arm-none-eabi/lib/thumb/v7e-m/nofp/libc.a(libc_a-exit.o)
 .debug_aranges
                0x00000060       0x70 /usr/lib/gcc/arm-none-eabi/13.2.0/../../../../arm-none-eabi/lib/thumb/v7e-m/nofp/libc.a(libc_a-findfp.o)
 .debug_aranges
                0x000000d0       0x20 /usr/lib/gcc/arm-none-eabi/13.2.0/../../../../arm-none-eabi/lib/thumb/v7e-m/nofp/libc.a(libc_a-fwalk.o)
 .debug_aranges
                0x000000f0       0x28 /usr/lib/gcc/arm-none-eabi/13.2.0/../../../../arm-none-eabi/lib/thumb/v7e-m/nofp/libc.a(libc_a-puts.o)
 .debug_aranges
                0x00000118       0x40 /usr/lib/gcc/arm-none-eabi/13.2.0/../../../../arm-none-eabi/lib/thumb/v7e-m/nofp/libc.a(libc_a-stdio.o)
 .debug_aranges
                0x00000158       0x20 /usr/lib/gcc/arm-none-eabi/13.2.0/../../../../arm-none-eabi/lib/thumb/v7e-m/nofp/libc.a(libc_a-memset.o)
 .debug_aranges
                0x00000178       0x20 /usr/lib/gcc/arm-none-eabi/13.2.0/../../../../arm-none-eabi/lib/thumb/v7e-m/nofp/libc.a(libc_a-closer.o)
 .debug_aranges
                0x00000198       0x20 /usr/lib/gcc/arm-none-eabi/13.2.0/../../../../arm-none-eabi/lib/thumb/v7e-m/nofp/libc.a(libc_a-reent.o)
 .debug_aranges
                0x000001b8       0x18 /usr/lib/gcc/arm-none-eabi/13.2.0/../../../../arm-none-eabi/lib/thumb/v7e-m/nofp/libc.a(libc_a-impure.o)
 .debug_aranges
                0x000001d0       0x20 /usr/lib/gcc/arm-none-eabi/13.2.0/../../../../arm-none-eabi/lib/thumb/v7e-m/nofp/libc.a(libc_a-lseekr.o)